
 RUN  v5.0.0 /Users/h_dryden/Documents/New project/christopher-jtbd-review/apps/worker

{"t":"2026-09-29T17:01:28.348Z","level":"info","msg":"slow database query","data":{"durationMs":314,"statement":"truncate users, companies, career_sources, discovery_runs, scan_runs, scans, jobs, job_events, decisions, tasks, setting"}}
{"t":"2026-09-29T17:01:28.394Z","level":"info","msg":"task start","taskId":"8a33da9b-cf1b-4dbb-ac10-424085e30b45","taskType":"discover","data":{"id":"8a33da9b-cf1b-4dbb-ac10-424085e30b45","type":"discover","attempt":1,"workerId":"test","commit":null,"readyWaitMs":16,"heapUsedMb":112,"heapLimitMb":4144,"rssMb":158}}
{"t":"2026-09-29T17:01:28.682Z","level":"info","msg":"discovery finished","taskId":"8a33da9b-cf1b-4dbb-ac10-424085e30b45","taskType":"discover","data":{"company":"acme.example","outcome":"resolved","fetches":3,"best":"ats_link"}}
{"t":"2026-09-29T17:01:28.685Z","level":"info","msg":"task done","taskId":"8a33da9b-cf1b-4dbb-ac10-424085e30b45","taskType":"discover","data":{"id":"8a33da9b-cf1b-4dbb-ac10-424085e30b45","type":"discover","ms":292,"heapUsedMb":74,"heapDeltaMb":-38,"heapLimitMb":4144,"rssMb":169,"rssDeltaMb":11}}
{"t":"2026-09-29T17:01:28.689Z","level":"info","msg":"task start","taskId":"75c5dc04-8cfc-4103-893a-91d2722fa6b9","taskType":"scan_company","data":{"id":"75c5dc04-8cfc-4103-893a-91d2722fa6b9","type":"scan_company","attempt":1,"workerId":"test","commit":null,"readyWaitMs":20,"heapUsedMb":74,"heapLimitMb":4144,"rssMb":169}}
{"t":"2026-09-29T17:01:28.880Z","level":"info","msg":"source scanned","taskId":"75c5dc04-8cfc-4103-893a-91d2722fa6b9","taskType":"scan_company","data":{"company":"Acme Robotics","type":"greenhouse","status":"ok","postings":5,"new":5,"closed":0,"followers":1,"deferredDescriptions":0,"reusedListing":false,"claimFetchedBytes":1452,"claimRequests":3,"claimRevalidated":0,"heapUsedMb":78,"ms":179}}
{"t":"2026-09-29T17:01:28.896Z","level":"info","msg":"task done","taskId":"75c5dc04-8cfc-4103-893a-91d2722fa6b9","taskType":"scan_company","data":{"id":"75c5dc04-8cfc-4103-893a-91d2722fa6b9","type":"scan_company","ms":207,"heapUsedMb":79,"heapDeltaMb":5,"heapLimitMb":4144,"rssMb":168,"rssDeltaMb":-1}}
{"t":"2026-09-29T17:01:28.902Z","level":"info","msg":"task start","taskId":"c9210dd1-1820-4d1d-8eba-071f2525517f","taskType":"fetch_description","data":{"id":"c9210dd1-1820-4d1d-8eba-071f2525517f","type":"fetch_description","attempt":1,"workerId":"test","commit":null,"readyWaitMs":60,"heapUsedMb":79,"heapLimitMb":4144,"rssMb":168}}
{"t":"2026-09-29T17:01:28.938Z","level":"info","msg":"task done","taskId":"c9210dd1-1820-4d1d-8eba-071f2525517f","taskType":"fetch_description","data":{"id":"c9210dd1-1820-4d1d-8eba-071f2525517f","type":"fetch_description","ms":36,"heapUsedMb":80,"heapDeltaMb":1,"heapLimitMb":4144,"rssMb":167,"rssDeltaMb":-1}}
{"t":"2026-09-29T17:01:28.942Z","level":"info","msg":"task start","taskId":"2efab49e-3100-43e3-9feb-8442bbcd9c85","taskType":"discover","data":{"id":"2efab49e-3100-43e3-9feb-8442bbcd9c85","type":"discover","attempt":1,"workerId":"test","commit":null,"readyWaitMs":509,"heapUsedMb":80,"heapLimitMb":4144,"rssMb":167}}
{"t":"2026-09-29T17:01:29.059Z","level":"warn","msg":"logo re-encode failed; the original is kept","taskId":"2efab49e-3100-43e3-9feb-8442bbcd9c85","taskType":"discover","data":{"error":"Input buffer has corrupt header:","bytes":400}}
{"t":"2026-09-29T17:01:29.072Z","level":"info","msg":"logo captured","taskId":"2efab49e-3100-43e3-9feb-8442bbcd9c85","taskType":"discover","data":{"company":"Acme Robotics","source":"site_icon","sourceUrl":"https://www.acme.example/favicon.png","bytes":400,"contentType":"image/png"}}
{"t":"2026-09-29T17:01:29.077Z","level":"info","msg":"task done","taskId":"2efab49e-3100-43e3-9feb-8442bbcd9c85","taskType":"discover","data":{"id":"2efab49e-3100-43e3-9feb-8442bbcd9c85","type":"discover","ms":135,"heapUsedMb":86,"heapDeltaMb":6,"heapLimitMb":4144,"rssMb":184,"rssDeltaMb":17}}
{"t":"2026-09-29T17:01:29.300Z","level":"info","msg":"source scanned","data":{"company":"acme.example","type":"greenhouse","status":"ok","postings":5,"new":0,"closed":0,"followers":1,"deferredDescriptions":0,"reusedListing":false,"claimFetchedBytes":1452,"claimRequests":3,"claimRevalidated":0,"heapUsedMb":78,"ms":209}}
{"t":"2026-09-29T17:01:29.681Z","level":"info","msg":"slow database query","data":{"durationMs":253,"statement":"truncate users, companies, career_sources, discovery_runs, scan_runs, scans, jobs, job_events, decisions, tasks, setting"}}
{"t":"2026-09-29T17:01:29.701Z","level":"info","msg":"task start","taskId":"a07a7f9a-a783-4150-809c-208f6c2354aa","taskType":"discover","data":{"id":"a07a7f9a-a783-4150-809c-208f6c2354aa","type":"discover","attempt":1,"workerId":"test","commit":null,"readyWaitMs":6,"heapUsedMb":80,"heapLimitMb":4144,"rssMb":181}}
{"t":"2026-09-29T17:01:29.871Z","level":"info","msg":"discovery finished","taskId":"a07a7f9a-a783-4150-809c-208f6c2354aa","taskType":"discover","data":{"company":"acme.example","outcome":"resolved","fetches":3,"best":"ats_link"}}
{"t":"2026-09-29T17:01:29.874Z","level":"info","msg":"task done","taskId":"a07a7f9a-a783-4150-809c-208f6c2354aa","taskType":"discover","data":{"id":"a07a7f9a-a783-4150-809c-208f6c2354aa","type":"discover","ms":173,"heapUsedMb":83,"heapDeltaMb":3,"heapLimitMb":4144,"rssMb":181,"rssDeltaMb":0}}
{"t":"2026-09-29T17:01:29.876Z","level":"info","msg":"task start","taskId":"ac2f3eb3-3456-4013-a84c-6436ae99dcdd","taskType":"scan_company","data":{"id":"ac2f3eb3-3456-4013-a84c-6436ae99dcdd","type":"scan_company","attempt":1,"workerId":"test","commit":null,"readyWaitMs":12,"heapUsedMb":83,"heapLimitMb":4144,"rssMb":181}}
{"t":"2026-09-29T17:01:30.038Z","level":"info","msg":"source scanned","taskId":"ac2f3eb3-3456-4013-a84c-6436ae99dcdd","taskType":"scan_company","data":{"company":"Acme Robotics","type":"greenhouse","status":"ok","postings":5,"new":5,"closed":0,"followers":1,"deferredDescriptions":0,"reusedListing":false,"claimFetchedBytes":1452,"claimRequests":3,"claimRevalidated":0,"heapUsedMb":86,"ms":156}}
{"t":"2026-09-29T17:01:30.047Z","level":"info","msg":"task done","taskId":"ac2f3eb3-3456-4013-a84c-6436ae99dcdd","taskType":"scan_company","data":{"id":"ac2f3eb3-3456-4013-a84c-6436ae99dcdd","type":"scan_company","ms":171,"heapUsedMb":87,"heapDeltaMb":4,"heapLimitMb":4144,"rssMb":180,"rssDeltaMb":-1}}
{"t":"2026-09-29T17:01:30.050Z","level":"info","msg":"task start","taskId":"c4fac6a4-f2bb-4371-a2c3-cdb24ec2f0b1","taskType":"fetch_description","data":{"id":"c4fac6a4-f2bb-4371-a2c3-cdb24ec2f0b1","type":"fetch_description","attempt":1,"workerId":"test","commit":null,"readyWaitMs":28,"heapUsedMb":87,"heapLimitMb":4144,"rssMb":180}}
{"t":"2026-09-29T17:01:30.075Z","level":"info","msg":"task done","taskId":"c4fac6a4-f2bb-4371-a2c3-cdb24ec2f0b1","taskType":"fetch_description","data":{"id":"c4fac6a4-f2bb-4371-a2c3-cdb24ec2f0b1","type":"fetch_description","ms":25,"heapUsedMb":78,"heapDeltaMb":-9,"heapLimitMb":4144,"rssMb":181,"rssDeltaMb":1}}
{"t":"2026-09-29T17:01:30.077Z","level":"info","msg":"task start","taskId":"e2a27855-a1c3-4ce9-8503-7f034993bcc0","taskType":"fetch_description","data":{"id":"e2a27855-a1c3-4ce9-8503-7f034993bcc0","type":"fetch_description","attempt":1,"workerId":"test","commit":null,"readyWaitMs":55,"heapUsedMb":78,"heapLimitMb":4144,"rssMb":181}}
{"t":"2026-09-29T17:01:30.124Z","level":"info","msg":"task done","taskId":"e2a27855-a1c3-4ce9-8503-7f034993bcc0","taskType":"fetch_description","data":{"id":"e2a27855-a1c3-4ce9-8503-7f034993bcc0","type":"fetch_description","ms":47,"heapUsedMb":79,"heapDeltaMb":1,"heapLimitMb":4144,"rssMb":182,"rssDeltaMb":1}}
{"t":"2026-09-29T17:01:30.126Z","level":"info","msg":"task start","taskId":"2b5229df-0fd2-4708-a7d7-1a11a36775b3","taskType":"fetch_description","data":{"id":"2b5229df-0fd2-4708-a7d7-1a11a36775b3","type":"fetch_description","attempt":1,"workerId":"test","commit":null,"readyWaitMs":104,"heapUsedMb":80,"heapLimitMb":4144,"rssMb":182}}
{"t":"2026-09-29T17:01:30.176Z","level":"info","msg":"task done","taskId":"2b5229df-0fd2-4708-a7d7-1a11a36775b3","taskType":"fetch_description","data":{"id":"2b5229df-0fd2-4708-a7d7-1a11a36775b3","type":"fetch_description","ms":50,"heapUsedMb":81,"heapDeltaMb":1,"heapLimitMb":4144,"rssMb":182,"rssDeltaMb":0}}
{"t":"2026-09-29T17:01:30.178Z","level":"info","msg":"task start","taskId":"a5849e8e-81f3-43d8-a999-f1a6c7692960","taskType":"fetch_description","data":{"id":"a5849e8e-81f3-43d8-a999-f1a6c7692960","type":"fetch_description","attempt":1,"workerId":"test","commit":null,"readyWaitMs":156,"heapUsedMb":81,"heapLimitMb":4144,"rssMb":182}}
{"t":"2026-09-29T17:01:30.224Z","level":"info","msg":"task done","taskId":"a5849e8e-81f3-43d8-a999-f1a6c7692960","taskType":"fetch_description","data":{"id":"a5849e8e-81f3-43d8-a999-f1a6c7692960","type":"fetch_description","ms":47,"heapUsedMb":82,"heapDeltaMb":1,"heapLimitMb":4144,"rssMb":182,"rssDeltaMb":0}}
{"t":"2026-09-29T17:01:30.226Z","level":"info","msg":"task start","taskId":"b8f8d488-7754-4053-bf82-449729d15a24","taskType":"discover","data":{"id":"b8f8d488-7754-4053-bf82-449729d15a24","type":"discover","attempt":1,"workerId":"test","commit":null,"readyWaitMs":524,"heapUsedMb":83,"heapLimitMb":4144,"rssMb":182}}
{"t":"2026-09-29T17:01:30.281Z","level":"warn","msg":"logo re-encode failed; the original is kept","taskId":"b8f8d488-7754-4053-bf82-449729d15a24","taskType":"discover","data":{"error":"Input buffer has corrupt header:","bytes":400}}
{"t":"2026-09-29T17:01:30.288Z","level":"info","msg":"logo captured","taskId":"b8f8d488-7754-4053-bf82-449729d15a24","taskType":"discover","data":{"company":"Acme Robotics","source":"site_icon","sourceUrl":"https://www.acme.example/favicon.png","bytes":400,"contentType":"image/png"}}
{"t":"2026-09-29T17:01:30.289Z","level":"info","msg":"task done","taskId":"b8f8d488-7754-4053-bf82-449729d15a24","taskType":"discover","data":{"id":"b8f8d488-7754-4053-bf82-449729d15a24","type":"discover","ms":63,"heapUsedMb":84,"heapDeltaMb":1,"heapLimitMb":4144,"rssMb":182,"rssDeltaMb":0}}
{"t":"2026-09-29T17:01:30.436Z","level":"info","msg":"source scanned","data":{"company":"acme.example","type":"greenhouse","status":"ok","postings":5,"new":0,"closed":0,"followers":1,"deferredDescriptions":0,"reusedListing":false,"claimFetchedBytes":1452,"claimRequests":3,"claimRevalidated":0,"heapUsedMb":86,"ms":142}}

 Test Files  1 passed (1)
      Tests  2 passed | 103 skipped (105)
   Start at  18:01:26
   Duration  4.15s (tests 61%, transform 22%, import 17%)

