
> @ava/web@0.1.0 test /Users/h_dryden/Documents/New project/christopher-jtbd-review/apps/web
> vitest run


 RUN  v5.0.0 /Users/h_dryden/Documents/New project/christopher-jtbd-review/apps/web

{"t":"2026-09-29T17:12:34.068Z","level":"info","event":"slow_database_query","durationMs":464,"statement":"truncate cv_libraries, cv_drafts, companies, decisions, tasks, settings, preference_profiles, tag_vocabulary, users rest"}
{"t":"2026-09-29T17:12:35.002Z","level":"info","event":"slow_database_query","durationMs":564,"statement":"truncate cv_libraries, cv_drafts, companies, decisions, tasks, settings, preference_profiles, tag_vocabulary, users rest"}
{"t":"2026-09-29T17:12:35.496Z","level":"info","event":"slow_database_query","durationMs":412,"statement":"truncate cv_libraries, cv_drafts, companies, decisions, tasks, settings, preference_profiles, tag_vocabulary, users rest"}
{"t":"2026-09-29T17:12:35.789Z","level":"info","event":"slow_database_query","durationMs":255,"statement":"truncate cv_libraries, cv_drafts, companies, decisions, tasks, settings, preference_profiles, tag_vocabulary, users rest"}
{"t":"2026-09-29T17:12:36.149Z","level":"info","event":"slow_database_query","durationMs":303,"statement":"truncate cv_libraries, cv_drafts, companies, decisions, tasks, settings, preference_profiles, tag_vocabulary, users rest"}
{"t":"2026-09-29T17:12:37.081Z","level":"info","event":"slow_database_query","durationMs":767,"statement":"truncate cv_libraries, cv_drafts, companies, decisions, tasks, settings, preference_profiles, tag_vocabulary, users rest"}
{"t":"2026-09-29T17:12:37.396Z","level":"info","event":"slow_database_query","durationMs":251,"statement":"truncate cv_libraries, cv_drafts, companies, decisions, tasks, settings, preference_profiles, tag_vocabulary, users rest"}
{"t":"2026-09-29T17:12:37.726Z","level":"info","event":"slow_database_query","durationMs":264,"statement":"truncate cv_libraries, cv_drafts, companies, decisions, tasks, settings, preference_profiles, tag_vocabulary, users rest"}
{"t":"2026-09-29T17:12:38.080Z","level":"info","event":"slow_database_query","durationMs":265,"statement":"truncate cv_libraries, cv_drafts, companies, decisions, tasks, settings, preference_profiles, tag_vocabulary, users rest"}
{"t":"2026-09-29T17:12:38.901Z","level":"info","event":"slow_database_query","durationMs":288,"statement":"truncate cv_libraries, cv_drafts, companies, decisions, tasks, settings, preference_profiles, tag_vocabulary, users rest"}
{"t":"2026-09-29T17:12:43.785Z","level":"info","event":"slow_database_query","durationMs":390,"statement":"insert into jobs (company_id, source_id, external_key, title, normalized_title, url) select $1::uuid, $2::uuid, 'cap-' |"}
{"t":"2026-09-29T17:12:44.204Z","level":"info","event":"slow_database_query","durationMs":420,"statement":"insert into user_jobs (user_id, job_id, keyword_matched, location_ok, in_table) select $1::uuid, j.id, true, true, true "}
{"t":"2026-09-29T17:12:52.505Z","level":"info","event":"slow_database_query","durationMs":402,"statement":"truncate cv_libraries, cv_drafts, companies, decisions, tasks, settings, preference_profiles, tag_vocabulary, users rest"}
{"t":"2026-09-29T17:12:53.219Z","level":"info","event":"slow_database_query","durationMs":685,"statement":"truncate cv_libraries, cv_drafts, companies, decisions, tasks, settings, preference_profiles, tag_vocabulary, users rest"}
{"t":"2026-09-29T17:12:56.090Z","level":"info","event":"slow_database_query","durationMs":261,"statement":"truncate companies, tasks, settings, users restart identity cascade"}
{"t":"2026-09-29T17:12:56.543Z","level":"info","event":"slow_database_query","durationMs":400,"statement":"truncate companies, tasks, settings, users restart identity cascade"}
{"t":"2026-09-29T17:12:57.136Z","level":"info","event":"slow_database_query","durationMs":293,"statement":"truncate companies, tasks, settings, users restart identity cascade"}
{"t":"2026-09-29T17:12:57.914Z","level":"info","event":"slow_database_query","durationMs":321,"statement":"truncate companies, tasks, settings, users restart identity cascade"}
{"t":"2026-09-29T17:12:58.921Z","level":"info","event":"slow_database_query","durationMs":413,"statement":"truncate companies, tasks, settings, users restart identity cascade"}
{"t":"2026-09-29T17:13:01.222Z","level":"info","event":"slow_database_query","durationMs":269,"statement":"truncate companies, tasks, settings, users restart identity cascade"}
{"t":"2026-09-29T17:13:04.411Z","level":"info","event":"slow_database_query","durationMs":251,"statement":"truncate users, companies, tasks, ai_calls, ai_reservations, auth_tokens restart identity cascade"}
{"t":"2026-09-29T17:13:05.418Z","level":"info","event":"slow_database_query","durationMs":269,"statement":"truncate users, companies, tasks, ai_calls, ai_reservations, auth_tokens restart identity cascade"}
{"t":"2026-09-29T17:13:06.456Z","level":"info","event":"slow_database_query","durationMs":256,"statement":"truncate users, companies, tasks, ai_calls, ai_reservations, auth_tokens restart identity cascade"}
{"t":"2026-09-29T17:13:06.830Z","level":"info","event":"slow_database_query","durationMs":343,"statement":"truncate users, companies, tasks, ai_calls, ai_reservations, auth_tokens restart identity cascade"}
{"t":"2026-09-29T17:13:07.411Z","level":"info","event":"slow_database_query","durationMs":277,"statement":"truncate users, companies, tasks, ai_calls, ai_reservations, auth_tokens restart identity cascade"}
{"t":"2026-09-29T17:13:08.220Z","level":"info","event":"slow_database_query","durationMs":362,"statement":"truncate users, companies, tasks, ai_calls, ai_reservations, auth_tokens restart identity cascade"}
{"t":"2026-09-29T17:13:09.151Z","level":"info","event":"slow_database_query","durationMs":402,"statement":"truncate users, companies, tasks, ai_calls, ai_reservations, auth_tokens restart identity cascade"}
{"t":"2026-09-29T17:13:09.562Z","level":"info","event":"slow_database_query","durationMs":293,"statement":"truncate users, companies, tasks, ai_calls, ai_reservations, auth_tokens restart identity cascade"}
{"t":"2026-09-29T17:13:10.407Z","level":"info","event":"slow_database_query","durationMs":407,"statement":"truncate users, companies, tasks, ai_calls, ai_reservations, auth_tokens restart identity cascade"}
{"t":"2026-09-29T17:13:11.535Z","level":"info","event":"slow_database_query","durationMs":642,"statement":"truncate users, companies, tasks, ai_calls, ai_reservations, auth_tokens restart identity cascade"}
{"t":"2026-09-29T17:13:11.822Z","level":"info","event":"slow_database_query","durationMs":261,"statement":"truncate users, companies, tasks, ai_calls, ai_reservations, auth_tokens restart identity cascade"}
{"t":"2026-09-29T17:13:12.340Z","level":"info","event":"slow_database_query","durationMs":271,"statement":"truncate users, companies, tasks, ai_calls, ai_reservations, auth_tokens restart identity cascade"}
{"t":"2026-09-29T17:13:12.925Z","level":"info","event":"slow_database_query","durationMs":298,"statement":"truncate users, companies, tasks, ai_calls, ai_reservations, auth_tokens restart identity cascade"}
{"t":"2026-09-29T17:13:13.260Z","level":"info","event":"slow_database_query","durationMs":312,"statement":"truncate users, companies, tasks, ai_calls, ai_reservations, auth_tokens restart identity cascade"}
{"t":"2026-09-29T17:13:13.857Z","level":"info","event":"slow_database_query","durationMs":319,"statement":"truncate users, companies, tasks, ai_calls, ai_reservations, auth_tokens restart identity cascade"}
{"t":"2026-09-29T17:13:14.502Z","level":"info","event":"slow_database_query","durationMs":621,"statement":"truncate users, companies, tasks, ai_calls, ai_reservations, auth_tokens restart identity cascade"}
{"t":"2026-09-29T17:13:17.308Z","level":"info","event":"database_round_trip","ms":0.4,"samplesMs":[1.1,0.5,0.4],"endpoint":"other","region":null}
{"t":"2026-09-29T17:13:17.827Z","level":"info","event":"slow_database_query","durationMs":505,"statement":"truncate companies, career_sources, discovery_runs, scan_runs, scans, jobs, job_events, decisions, tasks, settings, ai_c"}
{"t":"2026-09-29T17:13:18.145Z","level":"info","event":"slow_database_query","durationMs":297,"statement":"truncate companies, career_sources, discovery_runs, scan_runs, scans, jobs, job_events, decisions, tasks, settings, ai_c"}
{"t":"2026-09-29T17:13:18.206Z","level":"info","msg":"scheduled daily run","data":{"ymd":"2026-09-29","scanTime":"00:00","tz":"UTC"}}
{"t":"2026-09-29T17:13:18.287Z","level":"info","msg":"task start","taskId":"4dd4c549-57dd-4bd3-88a8-77c6d0b929e5","taskType":"run_daily","data":{"id":"4dd4c549-57dd-4bd3-88a8-77c6d0b929e5","type":"run_daily","attempt":1,"workerId":"vercel-cron-2887073b","commit":null,"readyWaitMs":85,"heapUsedMb":86,"heapLimitMb":4144,"rssMb":143}}
{"t":"2026-09-29T17:13:18.296Z","level":"info","msg":"daily run started","taskId":"4dd4c549-57dd-4bd3-88a8-77c6d0b929e5","taskType":"run_daily","data":{"runId":"ed785b45-7eba-4d65-a966-3432cbab1d9c","runDate":"2026-09-29","companies":0,"logosQueued":0,"retired":0}}
{"t":"2026-09-29T17:13:18.307Z","level":"info","msg":"scan run finalised","taskId":"4dd4c549-57dd-4bd3-88a8-77c6d0b929e5","taskType":"run_daily","data":{"runId":"ed785b45-7eba-4d65-a966-3432cbab1d9c","ok":0,"failed":0,"newRoles":0}}
{"t":"2026-09-29T17:13:18.309Z","level":"info","msg":"task done","taskId":"4dd4c549-57dd-4bd3-88a8-77c6d0b929e5","taskType":"run_daily","data":{"id":"4dd4c549-57dd-4bd3-88a8-77c6d0b929e5","type":"run_daily","ms":21,"heapUsedMb":87,"heapDeltaMb":1,"heapLimitMb":4144,"rssMb":143,"rssDeltaMb":0}}
{"t":"2026-09-29T17:13:18.562Z","level":"info","msg":"scheduled daily run","data":{"ymd":"2026-09-29","scanTime":"06:00","tz":"Europe/London"}}
{"t":"2026-09-29T17:13:18.608Z","level":"info","msg":"task start","taskId":"9fbb530f-5f5f-4433-9cc7-9423fd2189ee","taskType":"run_daily","data":{"id":"9fbb530f-5f5f-4433-9cc7-9423fd2189ee","type":"run_daily","attempt":1,"workerId":"vercel-cron-e5c8ac5a","commit":null,"readyWaitMs":50,"heapUsedMb":90,"heapLimitMb":4144,"rssMb":143}}
{"t":"2026-09-29T17:13:18.616Z","level":"info","msg":"daily run started","taskId":"9fbb530f-5f5f-4433-9cc7-9423fd2189ee","taskType":"run_daily","data":{"runId":"38e658e3-a8e9-4daa-b67c-c2f567c1941f","runDate":"2026-09-29","companies":0,"logosQueued":0,"retired":0}}
{"t":"2026-09-29T17:13:18.623Z","level":"info","msg":"scan run finalised","taskId":"9fbb530f-5f5f-4433-9cc7-9423fd2189ee","taskType":"run_daily","data":{"runId":"38e658e3-a8e9-4daa-b67c-c2f567c1941f","ok":0,"failed":0,"newRoles":0}}
{"t":"2026-09-29T17:13:18.624Z","level":"info","msg":"task done","taskId":"9fbb530f-5f5f-4433-9cc7-9423fd2189ee","taskType":"run_daily","data":{"id":"9fbb530f-5f5f-4433-9cc7-9423fd2189ee","type":"run_daily","ms":16,"heapUsedMb":91,"heapDeltaMb":1,"heapLimitMb":4144,"rssMb":143,"rssDeltaMb":0}}
{"t":"2026-09-29T17:13:19.023Z","level":"info","msg":"scheduled daily run","data":{"ymd":"2026-09-29","scanTime":"06:00","tz":"Europe/London"}}
{"t":"2026-09-29T17:13:19.093Z","level":"info","msg":"task start","taskId":"d9d8eba2-b400-4f44-bc49-a45d0bf258a3","taskType":"run_daily","data":{"id":"d9d8eba2-b400-4f44-bc49-a45d0bf258a3","type":"run_daily","attempt":1,"workerId":"vercel-cron-b4391a56","commit":null,"readyWaitMs":74,"heapUsedMb":95,"heapLimitMb":4144,"rssMb":144}}
{"t":"2026-09-29T17:13:19.102Z","level":"info","msg":"daily run started","taskId":"d9d8eba2-b400-4f44-bc49-a45d0bf258a3","taskType":"run_daily","data":{"runId":"6600dc33-1931-4f4a-8aa1-d12e77d917a0","runDate":"2026-09-29","companies":0,"logosQueued":0,"retired":0}}
{"t":"2026-09-29T17:13:19.111Z","level":"info","msg":"scan run finalised","taskId":"d9d8eba2-b400-4f44-bc49-a45d0bf258a3","taskType":"run_daily","data":{"runId":"6600dc33-1931-4f4a-8aa1-d12e77d917a0","ok":0,"failed":0,"newRoles":0}}
{"t":"2026-09-29T17:13:19.112Z","level":"info","msg":"task done","taskId":"d9d8eba2-b400-4f44-bc49-a45d0bf258a3","taskType":"run_daily","data":{"id":"d9d8eba2-b400-4f44-bc49-a45d0bf258a3","type":"run_daily","ms":19,"heapUsedMb":95,"heapDeltaMb":0,"heapLimitMb":4144,"rssMb":144,"rssDeltaMb":0}}
{"t":"2026-09-29T17:13:19.364Z","level":"info","msg":"scheduled daily run","data":{"ymd":"2026-09-29","scanTime":"06:00","tz":"Europe/London"}}
{"t":"2026-09-29T17:13:19.404Z","level":"info","msg":"task start","taskId":"64c1a16a-70da-4cfe-91c7-de2c465d6a6e","taskType":"tag_reason","data":{"id":"64c1a16a-70da-4cfe-91c7-de2c465d6a6e","type":"tag_reason","attempt":1,"workerId":"vercel-cron-205d2ec7","commit":null,"readyWaitMs":57,"heapUsedMb":98,"heapLimitMb":4144,"rssMb":144}}
{"t":"2026-09-29T17:13:22.351Z","level":"warn","msg":"abandoned task failed after its deadline","taskId":"64c1a16a-70da-4cfe-91c7-de2c465d6a6e","taskType":"tag_reason","data":{"id":"64c1a16a-70da-4cfe-91c7-de2c465d6a6e","type":"tag_reason","error":"tag_reason exceeded its 3s deadline after 3s and was abandoned"}}
{"t":"2026-09-29T17:13:22.354Z","level":"warn","msg":"task retry","taskId":"64c1a16a-70da-4cfe-91c7-de2c465d6a6e","taskType":"tag_reason","data":{"id":"64c1a16a-70da-4cfe-91c7-de2c465d6a6e","type":"tag_reason","error":"tag_reason exceeded its 3s deadline after 3s and was abandoned","ms":2949,"heapUsedMb":98,"heapDeltaMb":0,"heapLimitMb":4144,"rssMb":143,"rssDeltaMb":-1}}
{"t":"2026-09-29T17:13:22.591Z","level":"info","msg":"scheduled daily run","data":{"ymd":"2026-09-29","scanTime":"06:00","tz":"Europe/London"}}
{"t":"2026-09-29T17:13:22.640Z","level":"info","msg":"task start","taskId":"85060955-631b-4212-ad48-4f194cda26f2","taskType":"tag_reason","data":{"id":"85060955-631b-4212-ad48-4f194cda26f2","type":"tag_reason","attempt":3,"workerId":"vercel-cron-e331fcef","commit":null,"readyWaitMs":67,"heapUsedMb":89,"heapLimitMb":4144,"rssMb":141}}
{"t":"2026-09-29T17:13:22.640Z","level":"warn","msg":"task failed","taskId":"85060955-631b-4212-ad48-4f194cda26f2","taskType":"tag_reason","data":{"id":"85060955-631b-4212-ad48-4f194cda26f2","type":"tag_reason","error":"tagging failed","ms":1,"heapUsedMb":89,"heapDeltaMb":0,"heapLimitMb":4144,"rssMb":141,"rssDeltaMb":0}}
{"t":"2026-09-29T17:13:22.643Z","level":"info","msg":"task start","taskId":"2c25cd1c-dc78-4ef6-b054-da5ceb7b6171","taskType":"run_daily","data":{"id":"2c25cd1c-dc78-4ef6-b054-da5ceb7b6171","type":"run_daily","attempt":1,"workerId":"vercel-cron-e331fcef","commit":null,"readyWaitMs":55,"heapUsedMb":90,"heapLimitMb":4144,"rssMb":141}}
{"t":"2026-09-29T17:13:22.646Z","level":"info","msg":"task done","taskId":"2c25cd1c-dc78-4ef6-b054-da5ceb7b6171","taskType":"run_daily","data":{"id":"2c25cd1c-dc78-4ef6-b054-da5ceb7b6171","type":"run_daily","ms":3,"heapUsedMb":90,"heapDeltaMb":0,"heapLimitMb":4144,"rssMb":141,"rssDeltaMb":0}}
{"t":"2026-09-29T17:13:23.034Z","level":"info","msg":"scheduled daily run","data":{"ymd":"2026-09-29","scanTime":"00:00","tz":"UTC"}}
{"t":"2026-09-29T17:13:23.327Z","level":"info","msg":"scheduled daily run","data":{"ymd":"2026-09-29","scanTime":"06:00","tz":"Europe/London"}}
{"t":"2026-09-29T17:13:23.379Z","level":"info","msg":"task start","taskId":"466b9356-d34a-41e1-b533-cb3be689a375","taskType":"discover","data":{"id":"466b9356-d34a-41e1-b533-cb3be689a375","type":"discover","attempt":1,"workerId":"vercel-cron-2d631da7","commit":null,"readyWaitMs":65,"heapUsedMb":96,"heapLimitMb":4144,"rssMb":142}}
{"t":"2026-09-29T17:13:23.556Z","level":"info","msg":"discovery finished","taskId":"466b9356-d34a-41e1-b533-cb3be689a375","taskType":"discover","data":{"company":"acme.example","outcome":"resolved","fetches":2,"best":"ats_link"}}
{"t":"2026-09-29T17:13:23.558Z","level":"info","msg":"task done","taskId":"466b9356-d34a-41e1-b533-cb3be689a375","taskType":"discover","data":{"id":"466b9356-d34a-41e1-b533-cb3be689a375","type":"discover","ms":179,"heapUsedMb":92,"heapDeltaMb":-4,"heapLimitMb":4144,"rssMb":162,"rssDeltaMb":20}}
{"t":"2026-09-29T17:13:23.560Z","level":"info","msg":"task start","taskId":"c78dbe0b-e595-438c-a194-619c13fc4730","taskType":"run_daily","data":{"id":"c78dbe0b-e595-438c-a194-619c13fc4730","type":"run_daily","attempt":1,"workerId":"vercel-cron-2d631da7","commit":null,"readyWaitMs":235,"heapUsedMb":93,"heapLimitMb":4144,"rssMb":162}}
{"t":"2026-09-29T17:13:23.567Z","level":"info","msg":"daily run started","taskId":"c78dbe0b-e595-438c-a194-619c13fc4730","taskType":"run_daily","data":{"runId":"01ec283b-2f68-49f2-8fb4-417583445b73","runDate":"2026-09-29","companies":1,"logosQueued":0,"retired":0}}
{"t":"2026-09-29T17:13:23.572Z","level":"info","msg":"task done","taskId":"c78dbe0b-e595-438c-a194-619c13fc4730","taskType":"run_daily","data":{"id":"c78dbe0b-e595-438c-a194-619c13fc4730","type":"run_daily","ms":13,"heapUsedMb":93,"heapDeltaMb":0,"heapLimitMb":4144,"rssMb":162,"rssDeltaMb":0}}
{"t":"2026-09-29T17:13:23.573Z","level":"info","msg":"task start","taskId":"5f7cd2bb-8acf-44ae-8fcf-7309142f3fb3","taskType":"scan_company","data":{"id":"5f7cd2bb-8acf-44ae-8fcf-7309142f3fb3","type":"scan_company","attempt":1,"workerId":"vercel-cron-2d631da7","commit":null,"readyWaitMs":27,"heapUsedMb":94,"heapLimitMb":4144,"rssMb":162}}
{"t":"2026-09-29T17:13:23.751Z","level":"info","msg":"source scanned","taskId":"5f7cd2bb-8acf-44ae-8fcf-7309142f3fb3","taskType":"scan_company","data":{"company":"Acme Robotics","type":"greenhouse","status":"ok","postings":2,"new":2,"closed":0,"followers":1,"deferredDescriptions":0,"reusedListing":false,"claimFetchedBytes":566,"claimRequests":3,"claimRevalidated":0,"heapUsedMb":96,"ms":172}}
{"t":"2026-09-29T17:13:23.764Z","level":"info","msg":"task done","taskId":"5f7cd2bb-8acf-44ae-8fcf-7309142f3fb3","taskType":"scan_company","data":{"id":"5f7cd2bb-8acf-44ae-8fcf-7309142f3fb3","type":"scan_company","ms":191,"heapUsedMb":97,"heapDeltaMb":3,"heapLimitMb":4144,"rssMb":162,"rssDeltaMb":0}}
{"t":"2026-09-29T17:13:23.767Z","level":"info","msg":"task start","taskId":"e8f8a66e-1315-497e-b945-9c2117471b3a","taskType":"fetch_description","data":{"id":"e8f8a66e-1315-497e-b945-9c2117471b3a","type":"fetch_description","attempt":1,"workerId":"vercel-cron-2d631da7","commit":null,"readyWaitMs":57,"heapUsedMb":97,"heapLimitMb":4144,"rssMb":162}}
{"t":"2026-09-29T17:13:23.789Z","level":"info","msg":"task done","taskId":"e8f8a66e-1315-497e-b945-9c2117471b3a","taskType":"fetch_description","data":{"id":"e8f8a66e-1315-497e-b945-9c2117471b3a","type":"fetch_description","ms":23,"heapUsedMb":98,"heapDeltaMb":1,"heapLimitMb":4144,"rssMb":163,"rssDeltaMb":1}}
{"t":"2026-09-29T17:13:23.790Z","level":"info","msg":"task start","taskId":"197ce0f4-5181-4a5b-a3ff-ec0456a285b6","taskType":"discover","data":{"id":"197ce0f4-5181-4a5b-a3ff-ec0456a285b6","type":"discover","attempt":1,"workerId":"vercel-cron-2d631da7","commit":null,"readyWaitMs":410,"heapUsedMb":99,"heapLimitMb":4144,"rssMb":163}}
{"t":"2026-09-29T17:13:23.850Z","level":"info","msg":"logo capture failed","taskId":"197ce0f4-5181-4a5b-a3ff-ec0456a285b6","taskType":"discover","data":{"company":"Acme Robotics","error":"No usable icon found for acme.example","tried":3,"attempts":1,"nextAttemptAt":"2026-09-29T18:13:23.847Z"}}
{"t":"2026-09-29T17:13:23.886Z","level":"info","msg":"task done","taskId":"197ce0f4-5181-4a5b-a3ff-ec0456a285b6","taskType":"discover","data":{"id":"197ce0f4-5181-4a5b-a3ff-ec0456a285b6","type":"discover","ms":96,"heapUsedMb":99,"heapDeltaMb":0,"heapLimitMb":4144,"rssMb":163,"rssDeltaMb":0}}
{"t":"2026-09-29T17:13:24.132Z","level":"info","msg":"scheduled daily run","data":{"ymd":"2026-09-29","scanTime":"00:00","tz":"UTC"}}
{"t":"2026-09-29T17:13:24.184Z","level":"info","msg":"task start","taskId":"677c6b67-5c25-4a20-824d-4aa0c77d72dc","taskType":"run_daily","data":{"id":"677c6b67-5c25-4a20-824d-4aa0c77d72dc","type":"run_daily","attempt":1,"workerId":"vercel-cron-2a2fdc41","commit":null,"readyWaitMs":54,"heapUsedMb":102,"heapLimitMb":4144,"rssMb":165}}
{"t":"2026-09-29T17:13:24.191Z","level":"info","msg":"daily run started","taskId":"677c6b67-5c25-4a20-824d-4aa0c77d72dc","taskType":"run_daily","data":{"runId":"4f548d79-939e-4d4a-8f4c-2cc0441d2f16","runDate":"2026-09-29","companies":0,"logosQueued":0,"retired":0}}
{"t":"2026-09-29T17:13:24.197Z","level":"info","msg":"scan run finalised","taskId":"677c6b67-5c25-4a20-824d-4aa0c77d72dc","taskType":"run_daily","data":{"runId":"4f548d79-939e-4d4a-8f4c-2cc0441d2f16","ok":0,"failed":0,"newRoles":0}}
{"t":"2026-09-29T17:13:24.197Z","level":"info","msg":"task done","taskId":"677c6b67-5c25-4a20-824d-4aa0c77d72dc","taskType":"run_daily","data":{"id":"677c6b67-5c25-4a20-824d-4aa0c77d72dc","type":"run_daily","ms":13,"heapUsedMb":103,"heapDeltaMb":1,"heapLimitMb":4144,"rssMb":165,"rssDeltaMb":0}}
{"t":"2026-09-29T17:13:27.176Z","level":"info","event":"slow_database_query","durationMs":337,"statement":"truncate users, login_attempts, companies, settings restart identity cascade"}
{"t":"2026-09-29T17:13:33.221Z","level":"info","event":"slow_database_query","durationMs":292,"statement":"truncate cv_libraries, cv_drafts, companies, decisions, tasks, settings, users restart identity cascade"}
{"t":"2026-09-29T17:13:36.505Z","level":"info","event":"slow_database_query","durationMs":296,"statement":"truncate companies, tasks, users restart identity cascade"}
{"t":"2026-09-29T17:13:48.190Z","level":"info","event":"slow_database_query","durationMs":283,"statement":"truncate cv_libraries, cv_drafts, companies, decisions, tasks, settings, user_settings, users restart identity cascade"}
{"t":"2026-09-29T17:13:48.852Z","level":"info","event":"slow_database_query","durationMs":505,"statement":"truncate cv_libraries, cv_drafts, companies, decisions, tasks, settings, user_settings, users restart identity cascade"}
{"t":"2026-09-29T17:13:49.729Z","level":"info","event":"slow_database_query","durationMs":259,"statement":"truncate cv_libraries, cv_drafts, companies, decisions, tasks, settings, user_settings, users restart identity cascade"}
{"t":"2026-09-29T17:13:50.549Z","level":"info","event":"slow_database_query","durationMs":687,"statement":"truncate cv_libraries, cv_drafts, companies, decisions, tasks, settings, user_settings, users restart identity cascade"}
{"t":"2026-09-29T17:13:52.006Z","level":"info","event":"slow_database_query","durationMs":335,"statement":"truncate users, login_attempts, settings restart identity cascade"}
{"t":"2026-09-29T17:13:53.665Z","level":"info","event":"slow_database_query","durationMs":448,"statement":"truncate users, login_attempts, settings restart identity cascade"}
{"t":"2026-09-29T17:13:54.221Z","level":"info","event":"slow_database_query","durationMs":361,"statement":"truncate users, login_attempts, settings restart identity cascade"}
{"t":"2026-09-29T17:13:55.147Z","level":"info","event":"slow_database_query","durationMs":416,"statement":"truncate users, login_attempts, settings restart identity cascade"}
{"t":"2026-09-29T17:13:56.981Z","level":"info","event":"slow_database_query","durationMs":349,"statement":"truncate users, login_attempts, settings restart identity cascade"}
{"t":"2026-09-29T17:13:57.934Z","level":"info","event":"slow_database_query","durationMs":879,"statement":"truncate users, login_attempts, settings restart identity cascade"}
{"t":"2026-09-29T17:13:59.270Z","level":"info","event":"slow_database_query","durationMs":1320,"statement":"truncate users, login_attempts, settings restart identity cascade"}
{"t":"2026-09-29T17:13:59.799Z","level":"info","event":"slow_database_query","durationMs":521,"statement":"truncate users, login_attempts, settings restart identity cascade"}
{"t":"2026-09-29T17:14:01.466Z","level":"info","event":"slow_database_query","durationMs":360,"statement":"truncate ai_calls, ai_reservations, applications, cv_versions, cv_drafts, cv_libraries, companies, tasks, settings, user"}
{"t":"2026-09-29T17:14:01.890Z","level":"info","event":"slow_database_query","durationMs":297,"statement":"truncate ai_calls, ai_reservations, applications, cv_versions, cv_drafts, cv_libraries, companies, tasks, settings, user"}
{"t":"2026-09-29T17:14:02.195Z","level":"info","event":"slow_database_query","durationMs":254,"statement":"truncate ai_calls, ai_reservations, applications, cv_versions, cv_drafts, cv_libraries, companies, tasks, settings, user"}
{"t":"2026-09-29T17:14:02.486Z","level":"info","event":"slow_database_query","durationMs":253,"statement":"truncate ai_calls, ai_reservations, applications, cv_versions, cv_drafts, cv_libraries, companies, tasks, settings, user"}
{"t":"2026-09-29T17:14:03.113Z","level":"info","event":"slow_database_query","durationMs":281,"statement":"truncate ai_calls, ai_reservations, applications, cv_versions, cv_drafts, cv_libraries, companies, tasks, settings, user"}
{"t":"2026-09-29T17:14:03.455Z","level":"info","event":"slow_database_query","durationMs":301,"statement":"truncate ai_calls, ai_reservations, applications, cv_versions, cv_drafts, cv_libraries, companies, tasks, settings, user"}
{"t":"2026-09-29T17:14:03.777Z","level":"info","event":"slow_database_query","durationMs":277,"statement":"truncate ai_calls, ai_reservations, applications, cv_versions, cv_drafts, cv_libraries, companies, tasks, settings, user"}
{"t":"2026-09-29T17:14:04.162Z","level":"info","event":"slow_database_query","durationMs":331,"statement":"truncate ai_calls, ai_reservations, applications, cv_versions, cv_drafts, cv_libraries, companies, tasks, settings, user"}
{"t":"2026-09-29T17:14:04.897Z","level":"info","event":"slow_database_query","durationMs":434,"statement":"truncate ai_calls, ai_reservations, applications, cv_versions, cv_drafts, cv_libraries, companies, tasks, settings, user"}
{"t":"2026-09-29T17:14:05.309Z","level":"info","event":"slow_database_query","durationMs":315,"statement":"truncate ai_calls, ai_reservations, applications, cv_versions, cv_drafts, cv_libraries, companies, tasks, settings, user"}
{"t":"2026-09-29T17:14:05.803Z","level":"info","event":"slow_database_query","durationMs":307,"statement":"truncate ai_calls, ai_reservations, applications, cv_versions, cv_drafts, cv_libraries, companies, tasks, settings, user"}
{"t":"2026-09-29T17:14:06.253Z","level":"info","event":"slow_database_query","durationMs":302,"statement":"truncate ai_calls, ai_reservations, applications, cv_versions, cv_drafts, cv_libraries, companies, tasks, settings, user"}
{"t":"2026-09-29T17:14:38.758Z","level":"info","event":"slow_database_query","durationMs":284,"statement":"truncate companies, tasks, user_settings, users restart identity cascade"}
{"t":"2026-09-29T17:14:39.591Z","level":"info","event":"slow_database_query","durationMs":300,"statement":"truncate companies, tasks, user_settings, users restart identity cascade"}
{"t":"2026-09-29T17:14:44.998Z","level":"info","event":"slow_database_query","durationMs":280,"statement":"truncate companies, tasks, settings, users restart identity cascade"}
{"t":"2026-09-29T17:14:52.459Z","level":"info","event":"slow_database_query","durationMs":433,"statement":"truncate ai_calls, user_settings, users restart identity cascade"}
{"t":"2026-09-29T17:14:52.780Z","level":"info","event":"slow_database_query","durationMs":266,"statement":"truncate ai_calls, user_settings, users restart identity cascade"}
{"t":"2026-09-29T17:14:58.331Z","level":"info","event":"slow_database_query","durationMs":298,"statement":"truncate cv_drafts, tasks, users restart identity cascade"}
{"t":"2026-09-29T17:14:59.242Z","level":"info","event":"slow_database_query","durationMs":276,"statement":"truncate settings, user_settings, company_suggestions, companies, users restart identity cascade"}
{"t":"2026-09-29T17:14:59.566Z","level":"info","event":"slow_database_query","durationMs":266,"statement":"truncate settings, user_settings, company_suggestions, companies, users restart identity cascade"}
{"t":"2026-09-29T17:15:10.027Z","level":"info","event":"slow_database_query","durationMs":528,"statement":"truncate cv_versions, users restart identity cascade"}
{"t":"2026-09-29T17:15:12.412Z","level":"info","event":"slow_database_query","durationMs":343,"statement":"truncate companies, tasks, preference_profiles, user_settings, users restart identity cascade"}
{"t":"2026-09-29T17:15:12.781Z","level":"info","event":"slow_database_query","durationMs":323,"statement":"truncate companies, tasks, preference_profiles, user_settings, users restart identity cascade"}

 Test Files  138 passed (138)
      Tests  1240 passed (1240)
   Start at  18:12:31
   Duration  185.83s (tests 79%, import 17%, environment 2%, transform 2%)

    Isolate  138 workers spawned · ~80ms startup each (spawn + environment, per file)
             at least ~10.91s faster with isolate: false — reuses workers across files instead of one per file

