
 RUN  v5.0.0 /Users/h_dryden/Documents/New project/christopher-jtbd-review/apps/worker

{"t":"2026-09-29T17:12:33.550Z","level":"info","msg":"slow database query","data":{"durationMs":429,"statement":"truncate users, companies, company_subscriptions, career_sources, jobs, job_events, user_jobs, tasks, settings, user_set"}}
{"t":"2026-09-29T17:12:33.801Z","level":"info","msg":"posting imported","data":{"company":"Pasted Ltd","userId":"41bc7580-5b0f-4f42-a2e8-c47e892f3524","jobId":"bd8bb76f-f5d0-4e2f-8c3c-10d8ef84b23f","title":"Staff Engineer, Platform","url":"https://www.pasted.test/jobs/staff-engineer","inTable":false,"shared":true,"followers":2}}
{"t":"2026-09-29T17:12:34.185Z","level":"info","msg":"slow database query","data":{"durationMs":364,"statement":"truncate users, companies, company_subscriptions, career_sources, jobs, job_events, user_jobs, tasks, settings, user_set"}}
{"t":"2026-09-29T17:12:34.262Z","level":"info","msg":"posting imported","data":{"company":"Pasted Ltd","userId":"a5d3467a-5f36-4093-ac0f-a9d8e79cd8c8","jobId":"b9416871-d79d-4be9-ad3b-3655ac176cd9","title":"Staff Engineer, Platform","url":"https://www.pasted.test/jobs/staff-engineer","inTable":false,"shared":true,"followers":2}}
{"t":"2026-09-29T17:12:34.868Z","level":"info","msg":"posting imported","data":{"company":"Pasted Ltd","userId":"bc84c735-f203-46e1-82ad-0bfc58a201b1","jobId":"63886299-ed3e-401e-a5e5-94120608a5b4","title":"Engineer, Data","url":"https://www.pasted.test/jobs/thin","inTable":false,"shared":true,"followers":2}}
{"t":"2026-09-29T17:12:35.263Z","level":"info","msg":"slow database query","data":{"durationMs":391,"statement":"truncate users, companies, company_subscriptions, career_sources, jobs, job_events, user_jobs, tasks, settings, user_set"}}
{"t":"2026-09-29T17:12:35.391Z","level":"info","msg":"task start","taskId":"a72c878d-5cc5-437e-b581-aaaf496900f9","taskType":"import_posting","data":{"id":"a72c878d-5cc5-437e-b581-aaaf496900f9","type":"import_posting","attempt":1,"workerId":"test","commit":null,"readyWaitMs":21,"heapUsedMb":72,"heapLimitMb":4144,"rssMb":157}}
{"t":"2026-09-29T17:12:35.416Z","level":"info","msg":"task done","taskId":"a72c878d-5cc5-437e-b581-aaaf496900f9","taskType":"import_posting","data":{"id":"a72c878d-5cc5-437e-b581-aaaf496900f9","type":"import_posting","ms":25,"heapUsedMb":73,"heapDeltaMb":1,"heapLimitMb":4144,"rssMb":157,"rssDeltaMb":0}}
{"t":"2026-09-29T17:12:35.708Z","level":"info","msg":"slow database query","data":{"durationMs":283,"statement":"truncate users, companies, company_subscriptions, career_sources, jobs, job_events, user_jobs, tasks, settings, user_set"}}
{"t":"2026-09-29T17:12:36.042Z","level":"info","msg":"slow database query","data":{"durationMs":273,"statement":"truncate users, companies, company_subscriptions, career_sources, jobs, job_events, user_jobs, tasks, settings, user_set"}}
{"t":"2026-09-29T17:12:36.964Z","level":"info","msg":"slow database query","data":{"durationMs":850,"statement":"truncate users, companies, company_subscriptions, career_sources, jobs, job_events, user_jobs, tasks, settings, user_set"}}
{"t":"2026-09-29T17:12:37.616Z","level":"info","msg":"slow database query","data":{"durationMs":257,"statement":"truncate users, companies, company_subscriptions, career_sources, jobs, job_events, user_jobs, tasks, settings, user_set"}}
{"t":"2026-09-29T17:12:37.707Z","level":"info","msg":"import put back: host busy","data":{"url":"https://www.pasted.test/jobs/staff-engineer","host":"www.pasted.test","retryAt":"2026-09-29T18:12:37.685Z"}}
{"t":"2026-09-29T17:12:37.727Z","level":"info","msg":"task start","taskId":"68de998d-fefd-4475-a2ec-9f67adade61b","taskType":"import_posting","data":{"id":"68de998d-fefd-4475-a2ec-9f67adade61b","type":"import_posting","attempt":1,"workerId":"test","commit":null,"readyWaitMs":11,"heapUsedMb":78,"heapLimitMb":4144,"rssMb":108}}
{"t":"2026-09-29T17:12:37.799Z","level":"info","msg":"posting imported","taskId":"68de998d-fefd-4475-a2ec-9f67adade61b","taskType":"import_posting","data":{"company":"Pasted Ltd","userId":"f22bd43f-fa21-4274-86c6-44fe1ecda918","jobId":"170ca71d-65c8-4533-b8fe-a8a9cbc50edf","title":"Staff Engineer, Platform","url":"https://www.pasted.test/jobs/staff-engineer","inTable":false,"shared":true,"followers":2}}
{"t":"2026-09-29T17:12:37.802Z","level":"info","msg":"task done","taskId":"68de998d-fefd-4475-a2ec-9f67adade61b","taskType":"import_posting","data":{"id":"68de998d-fefd-4475-a2ec-9f67adade61b","type":"import_posting","ms":75,"heapUsedMb":80,"heapDeltaMb":2,"heapLimitMb":4144,"rssMb":107,"rssDeltaMb":-1}}
{"t":"2026-09-29T17:12:38.083Z","level":"info","msg":"slow database query","data":{"durationMs":268,"statement":"truncate users, companies, company_subscriptions, career_sources, jobs, job_events, user_jobs, tasks, settings, user_set"}}
{"t":"2026-09-29T17:12:38.199Z","level":"info","msg":"posting imported","data":{"company":"Pasted Ltd","userId":"81ec7b92-4701-404b-8fb7-f49190124ca1","jobId":"d2f36e02-b62f-4917-9c3d-4d61e41359a2","title":"Staff Engineer, Platform","url":"https://www.elsewhere.test/jobs/staff-engineer","inTable":false,"shared":false,"followers":0}}
{"t":"2026-09-29T17:12:38.571Z","level":"info","msg":"posting imported","data":{"company":"Pasted Ltd","userId":"021bc256-bf27-4928-911b-78fd8ffaf00a","jobId":"fecb8850-51f7-47be-b955-45ad636d03c5","title":"Staff Engineer, Platform","url":"https://www.pasted.test/jobs/staff-engineer","inTable":false,"shared":true,"followers":2}}
{"t":"2026-09-29T17:12:38.827Z","level":"info","msg":"slow database query","data":{"durationMs":253,"statement":"truncate users, companies, company_subscriptions, career_sources, jobs, job_events, user_jobs, tasks, settings, user_set"}}
{"t":"2026-09-29T17:12:38.929Z","level":"info","msg":"posting imported","data":{"company":"Pasted Ltd","userId":"2047c721-8289-4321-bf05-8e00c01f7edb","jobId":"da26c855-18d3-4e6b-ba10-861be373b26e","title":"Staff Engineer, Platform","url":"https://www.pasted.test/jobs/staff-engineer","inTable":false,"shared":true,"followers":2}}
{"t":"2026-09-29T17:12:39.296Z","level":"info","msg":"posting imported","data":{"company":"Pasted Ltd","userId":"587d53a1-4eeb-4b8c-9fe6-24e3335aa80e","jobId":"875faf28-844b-4c7c-af21-bb33eb8b48c6","title":"Staff Engineer, Platform","url":"https://evil.github.io/jobs/staff-engineer","inTable":false,"shared":false,"followers":0}}
{"t":"2026-09-29T17:12:39.576Z","level":"info","msg":"posting imported","data":{"company":"Pasted Ltd","userId":"91680123-082c-483f-8912-6a36efb3f100","jobId":"d3d44d88-3413-4355-a3b0-432410bfb065","title":"Staff Engineer, Platform","url":"https://www.pasted.test/jobs/staff-engineer","inTable":false,"shared":false,"followers":0}}

 Test Files  1 passed (1)
      Tests  14 passed (14)
   Start at  18:12:31
   Duration  8.11s (tests 81%, transform 10%, import 9%)

