
> @ava/web@0.1.0 test /Users/h_dryden/Documents/New project/christopher-jtbd-review/apps/web
> vitest run


 RUN  v5.0.0 /Users/h_dryden/Documents/New project/christopher-jtbd-review/apps/web

{"t":"2026-09-29T13:20:37.013Z","level":"info","event":"slow_database_query","durationMs":371,"statement":"truncate cv_libraries, cv_drafts, companies, decisions, tasks, settings, preference_profiles, tag_vocabulary, users rest"}
{"t":"2026-09-29T13:20:37.622Z","level":"info","event":"slow_database_query","durationMs":490,"statement":"truncate cv_libraries, cv_drafts, companies, decisions, tasks, settings, preference_profiles, tag_vocabulary, users rest"}
{"t":"2026-09-29T13:20:37.964Z","level":"info","event":"slow_database_query","durationMs":278,"statement":"truncate cv_libraries, cv_drafts, companies, decisions, tasks, settings, preference_profiles, tag_vocabulary, users rest"}
{"t":"2026-09-29T13:20:38.711Z","level":"info","event":"slow_database_query","durationMs":352,"statement":"truncate cv_libraries, cv_drafts, companies, decisions, tasks, settings, preference_profiles, tag_vocabulary, users rest"}
{"t":"2026-09-29T13:20:39.115Z","level":"info","event":"slow_database_query","durationMs":311,"statement":"truncate cv_libraries, cv_drafts, companies, decisions, tasks, settings, preference_profiles, tag_vocabulary, users rest"}
{"t":"2026-09-29T13:20:39.870Z","level":"info","event":"slow_database_query","durationMs":329,"statement":"truncate cv_libraries, cv_drafts, companies, decisions, tasks, settings, preference_profiles, tag_vocabulary, users rest"}
{"t":"2026-09-29T13:20:40.294Z","level":"info","event":"slow_database_query","durationMs":317,"statement":"truncate cv_libraries, cv_drafts, companies, decisions, tasks, settings, preference_profiles, tag_vocabulary, users rest"}
{"t":"2026-09-29T13:20:41.174Z","level":"info","event":"slow_database_query","durationMs":294,"statement":"truncate cv_libraries, cv_drafts, companies, decisions, tasks, settings, preference_profiles, tag_vocabulary, users rest"}
{"t":"2026-09-29T13:20:41.826Z","level":"info","event":"slow_database_query","durationMs":259,"statement":"truncate cv_libraries, cv_drafts, companies, decisions, tasks, settings, preference_profiles, tag_vocabulary, users rest"}
{"t":"2026-09-29T13:20:42.174Z","level":"info","event":"slow_database_query","durationMs":308,"statement":"truncate cv_libraries, cv_drafts, companies, decisions, tasks, settings, preference_profiles, tag_vocabulary, users rest"}
{"t":"2026-09-29T13:20:42.962Z","level":"info","event":"slow_database_query","durationMs":395,"statement":"truncate cv_libraries, cv_drafts, companies, decisions, tasks, settings, preference_profiles, tag_vocabulary, users rest"}
{"t":"2026-09-29T13:20:43.431Z","level":"info","event":"slow_database_query","durationMs":324,"statement":"truncate cv_libraries, cv_drafts, companies, decisions, tasks, settings, preference_profiles, tag_vocabulary, users rest"}
{"t":"2026-09-29T13:20:44.075Z","level":"info","event":"slow_database_query","durationMs":342,"statement":"truncate cv_libraries, cv_drafts, companies, decisions, tasks, settings, preference_profiles, tag_vocabulary, users rest"}
{"t":"2026-09-29T13:20:44.454Z","level":"info","event":"slow_database_query","durationMs":344,"statement":"truncate cv_libraries, cv_drafts, companies, decisions, tasks, settings, preference_profiles, tag_vocabulary, users rest"}
{"t":"2026-09-29T13:20:44.808Z","level":"info","event":"slow_database_query","durationMs":283,"statement":"truncate cv_libraries, cv_drafts, companies, decisions, tasks, settings, preference_profiles, tag_vocabulary, users rest"}
{"t":"2026-09-29T13:20:45.223Z","level":"info","event":"slow_database_query","durationMs":311,"statement":"truncate cv_libraries, cv_drafts, companies, decisions, tasks, settings, preference_profiles, tag_vocabulary, users rest"}
{"t":"2026-09-29T13:20:47.061Z","level":"info","event":"slow_database_query","durationMs":667,"statement":"truncate cv_libraries, cv_drafts, companies, decisions, tasks, settings, preference_profiles, tag_vocabulary, users rest"}
{"t":"2026-09-29T13:20:47.510Z","level":"info","event":"slow_database_query","durationMs":413,"statement":"truncate cv_libraries, cv_drafts, companies, decisions, tasks, settings, preference_profiles, tag_vocabulary, users rest"}
{"t":"2026-09-29T13:20:47.882Z","level":"info","event":"slow_database_query","durationMs":311,"statement":"truncate cv_libraries, cv_drafts, companies, decisions, tasks, settings, preference_profiles, tag_vocabulary, users rest"}
{"t":"2026-09-29T13:20:49.118Z","level":"info","event":"slow_database_query","durationMs":268,"statement":"truncate cv_libraries, cv_drafts, companies, decisions, tasks, settings, preference_profiles, tag_vocabulary, users rest"}
{"t":"2026-09-29T13:20:50.505Z","level":"info","event":"slow_database_query","durationMs":436,"statement":"insert into jobs (company_id, source_id, external_key, title, normalized_title, url) select $1::uuid, $2::uuid, 'cap-' |"}
{"t":"2026-09-29T13:20:51.053Z","level":"info","event":"slow_database_query","durationMs":548,"statement":"insert into user_jobs (user_id, job_id, keyword_matched, location_ok, in_table) select $1::uuid, j.id, true, true, true "}
{"t":"2026-09-29T13:20:55.267Z","level":"info","event":"slow_database_query","durationMs":324,"statement":"truncate cv_libraries, cv_drafts, companies, decisions, tasks, settings, preference_profiles, tag_vocabulary, users rest"}
{"t":"2026-09-29T13:20:55.785Z","level":"info","event":"slow_database_query","durationMs":276,"statement":"truncate cv_libraries, cv_drafts, companies, decisions, tasks, settings, preference_profiles, tag_vocabulary, users rest"}
{"t":"2026-09-29T13:20:56.188Z","level":"info","event":"slow_database_query","durationMs":341,"statement":"truncate cv_libraries, cv_drafts, companies, decisions, tasks, settings, preference_profiles, tag_vocabulary, users rest"}
{"t":"2026-09-29T13:20:56.834Z","level":"info","event":"slow_database_query","durationMs":308,"statement":"truncate cv_libraries, cv_drafts, companies, decisions, tasks, settings, preference_profiles, tag_vocabulary, users rest"}
{"t":"2026-09-29T13:20:57.863Z","level":"info","event":"slow_database_query","durationMs":286,"statement":"truncate cv_libraries, cv_drafts, companies, decisions, tasks, settings, preference_profiles, tag_vocabulary, users rest"}
{"t":"2026-09-29T13:21:01.127Z","level":"info","event":"slow_database_query","durationMs":258,"statement":"truncate cv_libraries, cv_drafts, companies, decisions, tasks, settings, preference_profiles, tag_vocabulary, users rest"}
{"t":"2026-09-29T13:21:01.650Z","level":"info","event":"slow_database_query","durationMs":418,"statement":"truncate cv_libraries, cv_drafts, companies, decisions, tasks, settings, preference_profiles, tag_vocabulary, users rest"}
{"t":"2026-09-29T13:21:02.234Z","level":"info","event":"slow_database_query","durationMs":481,"statement":"truncate cv_libraries, cv_drafts, companies, decisions, tasks, settings, preference_profiles, tag_vocabulary, users rest"}
{"t":"2026-09-29T13:21:02.601Z","level":"info","event":"slow_database_query","durationMs":293,"statement":"truncate cv_libraries, cv_drafts, companies, decisions, tasks, settings, preference_profiles, tag_vocabulary, users rest"}
{"t":"2026-09-29T13:21:03.460Z","level":"info","event":"slow_database_query","durationMs":289,"statement":"truncate cv_libraries, cv_drafts, companies, decisions, tasks, settings, preference_profiles, tag_vocabulary, users rest"}
{"t":"2026-09-29T13:21:04.814Z","level":"info","event":"slow_database_query","durationMs":251,"statement":"truncate cv_libraries, cv_drafts, companies, decisions, tasks, settings, preference_profiles, tag_vocabulary, users rest"}
{"t":"2026-09-29T13:21:05.565Z","level":"info","event":"slow_database_query","durationMs":683,"statement":"truncate cv_libraries, cv_drafts, companies, decisions, tasks, settings, preference_profiles, tag_vocabulary, users rest"}
{"t":"2026-09-29T13:21:06.034Z","level":"info","event":"slow_database_query","durationMs":428,"statement":"truncate cv_libraries, cv_drafts, companies, decisions, tasks, settings, preference_profiles, tag_vocabulary, users rest"}
{"t":"2026-09-29T13:21:07.263Z","level":"info","event":"slow_database_query","durationMs":270,"statement":"truncate users, companies, tasks, ai_calls, ai_reservations, auth_tokens restart identity cascade"}
{"t":"2026-09-29T13:21:08.174Z","level":"info","event":"slow_database_query","durationMs":260,"statement":"truncate users, companies, tasks, ai_calls, ai_reservations, auth_tokens restart identity cascade"}
{"t":"2026-09-29T13:21:13.145Z","level":"info","event":"slow_database_query","durationMs":286,"statement":"truncate users, companies, tasks, ai_calls, ai_reservations, auth_tokens restart identity cascade"}
{"t":"2026-09-29T13:21:28.333Z","level":"info","event":"slow_database_query","durationMs":318,"statement":"truncate cv_libraries, cv_drafts, companies, decisions, tasks, settings, users restart identity cascade"}
{"t":"2026-09-29T13:21:28.804Z","level":"info","event":"slow_database_query","durationMs":259,"statement":"truncate cv_libraries, cv_drafts, companies, decisions, tasks, settings, users restart identity cascade"}
{"t":"2026-09-29T13:21:35.458Z","level":"info","event":"database_round_trip","ms":0.4,"samplesMs":[1.1,0.6,0.4],"endpoint":"other","region":null}
{"t":"2026-09-29T13:21:35.743Z","level":"info","msg":"scheduled daily run","data":{"ymd":"2026-09-29","scanTime":"00:00","tz":"UTC"}}
{"t":"2026-09-29T13:21:35.829Z","level":"info","msg":"task start","taskId":"02916f48-37f8-48f1-a129-11c854b42484","taskType":"run_daily","data":{"id":"02916f48-37f8-48f1-a129-11c854b42484","type":"run_daily","attempt":1,"workerId":"vercel-cron-8c8f08db","commit":null,"readyWaitMs":92,"heapUsedMb":94,"heapLimitMb":4144,"rssMb":206}}
{"t":"2026-09-29T13:21:35.840Z","level":"info","msg":"daily run started","taskId":"02916f48-37f8-48f1-a129-11c854b42484","taskType":"run_daily","data":{"runId":"65b9c06d-d9ef-4226-b13b-967448047201","runDate":"2026-09-29","companies":0,"logosQueued":0,"retired":0}}
{"t":"2026-09-29T13:21:35.850Z","level":"info","msg":"scan run finalised","taskId":"02916f48-37f8-48f1-a129-11c854b42484","taskType":"run_daily","data":{"runId":"65b9c06d-d9ef-4226-b13b-967448047201","ok":0,"failed":0,"newRoles":0}}
{"t":"2026-09-29T13:21:35.851Z","level":"info","msg":"task done","taskId":"02916f48-37f8-48f1-a129-11c854b42484","taskType":"run_daily","data":{"id":"02916f48-37f8-48f1-a129-11c854b42484","type":"run_daily","ms":23,"heapUsedMb":95,"heapDeltaMb":1,"heapLimitMb":4144,"rssMb":206,"rssDeltaMb":0}}
{"t":"2026-09-29T13:21:35.982Z","level":"info","msg":"scheduled daily run","data":{"ymd":"2026-09-29","scanTime":"06:00","tz":"Europe/London"}}
{"t":"2026-09-29T13:21:36.018Z","level":"info","msg":"task start","taskId":"0b8543d1-c40d-49ab-bec9-0cd9030aa0a0","taskType":"run_daily","data":{"id":"0b8543d1-c40d-49ab-bec9-0cd9030aa0a0","type":"run_daily","attempt":1,"workerId":"vercel-cron-6c37c51f","commit":null,"readyWaitMs":39,"heapUsedMb":98,"heapLimitMb":4144,"rssMb":206}}
{"t":"2026-09-29T13:21:36.023Z","level":"info","msg":"daily run started","taskId":"0b8543d1-c40d-49ab-bec9-0cd9030aa0a0","taskType":"run_daily","data":{"runId":"6ce22a8e-2ea3-45ca-8b1b-4f65b5411950","runDate":"2026-09-29","companies":0,"logosQueued":0,"retired":0}}
{"t":"2026-09-29T13:21:36.029Z","level":"info","msg":"scan run finalised","taskId":"0b8543d1-c40d-49ab-bec9-0cd9030aa0a0","taskType":"run_daily","data":{"runId":"6ce22a8e-2ea3-45ca-8b1b-4f65b5411950","ok":0,"failed":0,"newRoles":0}}
{"t":"2026-09-29T13:21:36.029Z","level":"info","msg":"task done","taskId":"0b8543d1-c40d-49ab-bec9-0cd9030aa0a0","taskType":"run_daily","data":{"id":"0b8543d1-c40d-49ab-bec9-0cd9030aa0a0","type":"run_daily","ms":11,"heapUsedMb":99,"heapDeltaMb":1,"heapLimitMb":4144,"rssMb":206,"rssDeltaMb":0}}
{"t":"2026-09-29T13:21:36.272Z","level":"info","msg":"scheduled daily run","data":{"ymd":"2026-09-29","scanTime":"06:00","tz":"Europe/London"}}
{"t":"2026-09-29T13:21:36.309Z","level":"info","msg":"task start","taskId":"77dde118-2af7-4630-98f6-3b073109bb1e","taskType":"run_daily","data":{"id":"77dde118-2af7-4630-98f6-3b073109bb1e","type":"run_daily","attempt":1,"workerId":"vercel-cron-e1b51a72","commit":null,"readyWaitMs":39,"heapUsedMb":93,"heapLimitMb":4144,"rssMb":208}}
{"t":"2026-09-29T13:21:36.314Z","level":"info","msg":"daily run started","taskId":"77dde118-2af7-4630-98f6-3b073109bb1e","taskType":"run_daily","data":{"runId":"efec8317-3049-4095-85ff-3d9a1181ab84","runDate":"2026-09-29","companies":0,"logosQueued":0,"retired":0}}
{"t":"2026-09-29T13:21:36.320Z","level":"info","msg":"scan run finalised","taskId":"77dde118-2af7-4630-98f6-3b073109bb1e","taskType":"run_daily","data":{"runId":"efec8317-3049-4095-85ff-3d9a1181ab84","ok":0,"failed":0,"newRoles":0}}
{"t":"2026-09-29T13:21:36.321Z","level":"info","msg":"task done","taskId":"77dde118-2af7-4630-98f6-3b073109bb1e","taskType":"run_daily","data":{"id":"77dde118-2af7-4630-98f6-3b073109bb1e","type":"run_daily","ms":12,"heapUsedMb":94,"heapDeltaMb":1,"heapLimitMb":4144,"rssMb":208,"rssDeltaMb":0}}
{"t":"2026-09-29T13:21:36.456Z","level":"info","msg":"scheduled daily run","data":{"ymd":"2026-09-29","scanTime":"06:00","tz":"Europe/London"}}
{"t":"2026-09-29T13:21:36.503Z","level":"info","msg":"task start","taskId":"3f6c210b-de5d-475e-9ac6-1becebd1a1fd","taskType":"tag_reason","data":{"id":"3f6c210b-de5d-475e-9ac6-1becebd1a1fd","type":"tag_reason","attempt":1,"workerId":"vercel-cron-cd078a3e","commit":null,"readyWaitMs":63,"heapUsedMb":97,"heapLimitMb":4144,"rssMb":208}}
{"t":"2026-09-29T13:21:39.445Z","level":"warn","msg":"abandoned task failed after its deadline","taskId":"3f6c210b-de5d-475e-9ac6-1becebd1a1fd","taskType":"tag_reason","data":{"id":"3f6c210b-de5d-475e-9ac6-1becebd1a1fd","type":"tag_reason","error":"tag_reason exceeded its 3s deadline after 3s and was abandoned"}}
{"t":"2026-09-29T13:21:39.449Z","level":"warn","msg":"task retry","taskId":"3f6c210b-de5d-475e-9ac6-1becebd1a1fd","taskType":"tag_reason","data":{"id":"3f6c210b-de5d-475e-9ac6-1becebd1a1fd","type":"tag_reason","error":"tag_reason exceeded its 3s deadline after 3s and was abandoned","ms":2946,"heapUsedMb":97,"heapDeltaMb":0,"heapLimitMb":4144,"rssMb":206,"rssDeltaMb":-2}}
{"t":"2026-09-29T13:21:39.614Z","level":"info","msg":"scheduled daily run","data":{"ymd":"2026-09-29","scanTime":"06:00","tz":"Europe/London"}}
{"t":"2026-09-29T13:21:39.647Z","level":"info","msg":"task start","taskId":"cab066ac-7ab7-43f4-ad3f-2c5af763d558","taskType":"tag_reason","data":{"id":"cab066ac-7ab7-43f4-ad3f-2c5af763d558","type":"tag_reason","attempt":3,"workerId":"vercel-cron-0c9c23b1","commit":null,"readyWaitMs":45,"heapUsedMb":99,"heapLimitMb":4144,"rssMb":206}}
{"t":"2026-09-29T13:21:39.648Z","level":"warn","msg":"task failed","taskId":"cab066ac-7ab7-43f4-ad3f-2c5af763d558","taskType":"tag_reason","data":{"id":"cab066ac-7ab7-43f4-ad3f-2c5af763d558","type":"tag_reason","error":"tagging failed","ms":1,"heapUsedMb":99,"heapDeltaMb":0,"heapLimitMb":4144,"rssMb":206,"rssDeltaMb":0}}
{"t":"2026-09-29T13:21:39.650Z","level":"info","msg":"task start","taskId":"06ca50b1-42f8-491b-947c-0d46ea055dbb","taskType":"run_daily","data":{"id":"06ca50b1-42f8-491b-947c-0d46ea055dbb","type":"run_daily","attempt":1,"workerId":"vercel-cron-0c9c23b1","commit":null,"readyWaitMs":38,"heapUsedMb":99,"heapLimitMb":4144,"rssMb":206}}
{"t":"2026-09-29T13:21:39.652Z","level":"info","msg":"task done","taskId":"06ca50b1-42f8-491b-947c-0d46ea055dbb","taskType":"run_daily","data":{"id":"06ca50b1-42f8-491b-947c-0d46ea055dbb","type":"run_daily","ms":2,"heapUsedMb":100,"heapDeltaMb":1,"heapLimitMb":4144,"rssMb":206,"rssDeltaMb":0}}
{"t":"2026-09-29T13:21:39.912Z","level":"info","msg":"scheduled daily run","data":{"ymd":"2026-09-29","scanTime":"00:00","tz":"UTC"}}
{"t":"2026-09-29T13:21:40.091Z","level":"info","msg":"scheduled daily run","data":{"ymd":"2026-09-29","scanTime":"06:00","tz":"Europe/London"}}
{"t":"2026-09-29T13:21:40.126Z","level":"info","msg":"task start","taskId":"156b7d2e-51f0-4e47-9d61-9458a1636dd8","taskType":"discover","data":{"id":"156b7d2e-51f0-4e47-9d61-9458a1636dd8","type":"discover","attempt":1,"workerId":"vercel-cron-e013e162","commit":null,"readyWaitMs":45,"heapUsedMb":95,"heapLimitMb":4144,"rssMb":207}}
{"t":"2026-09-29T13:21:40.299Z","level":"info","msg":"discovery finished","taskId":"156b7d2e-51f0-4e47-9d61-9458a1636dd8","taskType":"discover","data":{"company":"acme.example","outcome":"resolved","fetches":2,"best":"ats_link"}}
{"t":"2026-09-29T13:21:40.301Z","level":"info","msg":"task done","taskId":"156b7d2e-51f0-4e47-9d61-9458a1636dd8","taskType":"discover","data":{"id":"156b7d2e-51f0-4e47-9d61-9458a1636dd8","type":"discover","ms":175,"heapUsedMb":101,"heapDeltaMb":6,"heapLimitMb":4144,"rssMb":222,"rssDeltaMb":15}}
{"t":"2026-09-29T13:21:40.303Z","level":"info","msg":"task start","taskId":"fc7a872e-163f-47b9-a632-c92e07cd47dc","taskType":"run_daily","data":{"id":"fc7a872e-163f-47b9-a632-c92e07cd47dc","type":"run_daily","attempt":1,"workerId":"vercel-cron-e013e162","commit":null,"readyWaitMs":214,"heapUsedMb":101,"heapLimitMb":4144,"rssMb":222}}
{"t":"2026-09-29T13:21:40.309Z","level":"info","msg":"daily run started","taskId":"fc7a872e-163f-47b9-a632-c92e07cd47dc","taskType":"run_daily","data":{"runId":"cde46d67-6747-4bae-b3fe-ac6568d26515","runDate":"2026-09-29","companies":1,"logosQueued":0,"retired":0}}
{"t":"2026-09-29T13:21:40.312Z","level":"info","msg":"task done","taskId":"fc7a872e-163f-47b9-a632-c92e07cd47dc","taskType":"run_daily","data":{"id":"fc7a872e-163f-47b9-a632-c92e07cd47dc","type":"run_daily","ms":9,"heapUsedMb":102,"heapDeltaMb":1,"heapLimitMb":4144,"rssMb":222,"rssDeltaMb":0}}
{"t":"2026-09-29T13:21:40.313Z","level":"info","msg":"task start","taskId":"1c7d225f-e093-4f64-8856-0c61ba33b79c","taskType":"scan_company","data":{"id":"1c7d225f-e093-4f64-8856-0c61ba33b79c","type":"scan_company","attempt":1,"workerId":"vercel-cron-e013e162","commit":null,"readyWaitMs":21,"heapUsedMb":102,"heapLimitMb":4144,"rssMb":222}}
{"t":"2026-09-29T13:21:40.462Z","level":"info","msg":"source scanned","taskId":"1c7d225f-e093-4f64-8856-0c61ba33b79c","taskType":"scan_company","data":{"company":"Acme Robotics","type":"greenhouse","status":"ok","postings":2,"new":2,"closed":0,"followers":1,"deferredDescriptions":0,"reusedListing":false,"fetchedBytes":566,"requests":3,"revalidated":0,"heapUsedMb":105,"ms":146}}
{"t":"2026-09-29T13:21:40.467Z","level":"info","msg":"task done","taskId":"1c7d225f-e093-4f64-8856-0c61ba33b79c","taskType":"scan_company","data":{"id":"1c7d225f-e093-4f64-8856-0c61ba33b79c","type":"scan_company","ms":154,"heapUsedMb":105,"heapDeltaMb":3,"heapLimitMb":4144,"rssMb":223,"rssDeltaMb":1}}
{"t":"2026-09-29T13:21:40.469Z","level":"info","msg":"task start","taskId":"d54848cd-cb9a-47bb-a1b0-a0020cda1c99","taskType":"fetch_description","data":{"id":"d54848cd-cb9a-47bb-a1b0-a0020cda1c99","type":"fetch_description","attempt":1,"workerId":"vercel-cron-e013e162","commit":null,"readyWaitMs":21,"heapUsedMb":105,"heapLimitMb":4144,"rssMb":223}}
{"t":"2026-09-29T13:21:40.515Z","level":"info","msg":"task done","taskId":"d54848cd-cb9a-47bb-a1b0-a0020cda1c99","taskType":"fetch_description","data":{"id":"d54848cd-cb9a-47bb-a1b0-a0020cda1c99","type":"fetch_description","ms":46,"heapUsedMb":107,"heapDeltaMb":2,"heapLimitMb":4144,"rssMb":223,"rssDeltaMb":0}}
{"t":"2026-09-29T13:21:40.516Z","level":"info","msg":"task start","taskId":"a467faad-d8a0-44b3-a15e-df78bb08cc26","taskType":"score_job","data":{"id":"a467faad-d8a0-44b3-a15e-df78bb08cc26","type":"score_job","attempt":1,"workerId":"vercel-cron-e013e162","commit":null,"readyWaitMs":19,"heapUsedMb":107,"heapLimitMb":4144,"rssMb":223}}
{"t":"2026-09-29T13:21:40.522Z","level":"info","msg":"task done","taskId":"a467faad-d8a0-44b3-a15e-df78bb08cc26","taskType":"score_job","data":{"id":"a467faad-d8a0-44b3-a15e-df78bb08cc26","type":"score_job","ms":6,"heapUsedMb":107,"heapDeltaMb":0,"heapLimitMb":4144,"rssMb":223,"rssDeltaMb":0}}
{"t":"2026-09-29T13:21:40.524Z","level":"info","msg":"task start","taskId":"24cdf5fc-6571-450d-b260-2bcec2419841","taskType":"discover","data":{"id":"24cdf5fc-6571-450d-b260-2bcec2419841","type":"discover","attempt":1,"workerId":"vercel-cron-e013e162","commit":null,"readyWaitMs":396,"heapUsedMb":108,"heapLimitMb":4144,"rssMb":224}}
{"t":"2026-09-29T13:21:40.583Z","level":"info","msg":"logo capture failed","taskId":"24cdf5fc-6571-450d-b260-2bcec2419841","taskType":"discover","data":{"company":"Acme Robotics","error":"No usable icon found for acme.example","tried":3,"attempts":1,"nextAttemptAt":"2026-09-29T14:21:40.581Z"}}
{"t":"2026-09-29T13:21:40.586Z","level":"info","msg":"task done","taskId":"24cdf5fc-6571-450d-b260-2bcec2419841","taskType":"discover","data":{"id":"24cdf5fc-6571-450d-b260-2bcec2419841","type":"discover","ms":62,"heapUsedMb":99,"heapDeltaMb":-9,"heapLimitMb":4144,"rssMb":225,"rssDeltaMb":1}}
{"t":"2026-09-29T13:21:40.730Z","level":"info","msg":"scheduled daily run","data":{"ymd":"2026-09-29","scanTime":"00:00","tz":"UTC"}}
{"t":"2026-09-29T13:21:40.766Z","level":"info","msg":"task start","taskId":"b14f4232-fe2e-4ba2-b865-ba0b39a509b7","taskType":"run_daily","data":{"id":"b14f4232-fe2e-4ba2-b865-ba0b39a509b7","type":"run_daily","attempt":1,"workerId":"vercel-cron-e031ef50","commit":null,"readyWaitMs":39,"heapUsedMb":102,"heapLimitMb":4144,"rssMb":225}}
{"t":"2026-09-29T13:21:40.770Z","level":"info","msg":"daily run started","taskId":"b14f4232-fe2e-4ba2-b865-ba0b39a509b7","taskType":"run_daily","data":{"runId":"3b3989b5-40e3-43ed-bf97-5898226986a8","runDate":"2026-09-29","companies":0,"logosQueued":0,"retired":0}}
{"t":"2026-09-29T13:21:40.776Z","level":"info","msg":"scan run finalised","taskId":"b14f4232-fe2e-4ba2-b865-ba0b39a509b7","taskType":"run_daily","data":{"runId":"3b3989b5-40e3-43ed-bf97-5898226986a8","ok":0,"failed":0,"newRoles":0}}
{"t":"2026-09-29T13:21:40.776Z","level":"info","msg":"task done","taskId":"b14f4232-fe2e-4ba2-b865-ba0b39a509b7","taskType":"run_daily","data":{"id":"b14f4232-fe2e-4ba2-b865-ba0b39a509b7","type":"run_daily","ms":10,"heapUsedMb":102,"heapDeltaMb":0,"heapLimitMb":4144,"rssMb":225,"rssDeltaMb":0}}
{"t":"2026-09-29T13:21:47.131Z","level":"info","event":"slow_database_query","durationMs":253,"statement":"truncate ai_calls, ai_reservations, applications, cv_versions, cv_drafts, cv_libraries, companies, tasks, settings, user"}
{"t":"2026-09-29T13:21:54.127Z","level":"info","event":"slow_database_query","durationMs":361,"statement":"truncate ai_calls, ai_reservations, cv_libraries, cv_drafts, companies, decisions, tasks, user_settings, users restart i"}
{"t":"2026-09-29T13:21:58.606Z","level":"info","event":"slow_database_query","durationMs":990,"statement":"truncate companies, tasks, users restart identity cascade"}
{"t":"2026-09-29T13:22:02.483Z","level":"info","event":"slow_database_query","durationMs":723,"statement":"truncate cv_drafts, users restart identity cascade"}
{"t":"2026-09-29T13:22:04.059Z","level":"info","event":"slow_database_query","durationMs":262,"statement":"truncate cv_drafts, users restart identity cascade"}
{"t":"2026-09-29T13:22:04.374Z","level":"info","event":"slow_database_query","durationMs":266,"statement":"truncate cv_drafts, users restart identity cascade"}
{"t":"2026-09-29T13:22:05.404Z","level":"info","event":"slow_database_query","durationMs":381,"statement":"truncate companies, tasks, user_settings, users restart identity cascade"}
{"t":"2026-09-29T13:22:06.554Z","level":"info","event":"slow_database_query","durationMs":373,"statement":"truncate companies, tasks, user_settings, users restart identity cascade"}
{"t":"2026-09-29T13:22:10.659Z","level":"info","event":"slow_database_query","durationMs":257,"statement":"truncate users, login_attempts, settings restart identity cascade"}
{"t":"2026-09-29T13:22:10.926Z","level":"info","event":"slow_database_query","durationMs":267,"statement":"truncate users, login_attempts, settings restart identity cascade"}
{"t":"2026-09-29T13:22:14.537Z","level":"info","event":"slow_database_query","durationMs":469,"statement":"truncate users, companies restart identity cascade"}
{"t":"2026-09-29T13:22:16.653Z","level":"info","event":"slow_database_query","durationMs":377,"statement":"truncate cv_libraries, cv_drafts, companies, decisions, tasks, settings, users restart identity cascade"}
{"t":"2026-09-29T13:22:17.015Z","level":"info","event":"slow_database_query","durationMs":319,"statement":"truncate cv_libraries, cv_drafts, companies, decisions, tasks, settings, users restart identity cascade"}
{"t":"2026-09-29T13:22:25.929Z","level":"info","event":"slow_database_query","durationMs":265,"statement":"truncate companies, settings, scan_runs, users restart identity cascade"}
{"t":"2026-09-29T13:22:26.251Z","level":"info","event":"slow_database_query","durationMs":277,"statement":"truncate companies, settings, scan_runs, users restart identity cascade"}
{"t":"2026-09-29T13:22:26.585Z","level":"info","event":"slow_database_query","durationMs":289,"statement":"truncate companies, settings, scan_runs, users restart identity cascade"}
{"t":"2026-09-29T13:22:27.898Z","level":"info","event":"slow_database_query","durationMs":252,"statement":"truncate companies, cv_libraries, settings, users restart identity cascade"}
{"t":"2026-09-29T13:22:28.251Z","level":"info","event":"slow_database_query","durationMs":259,"statement":"truncate companies, cv_libraries, settings, users restart identity cascade"}
{"t":"2026-09-29T13:22:28.944Z","level":"info","event":"slow_database_query","durationMs":379,"statement":"truncate companies, cv_libraries, settings, users restart identity cascade"}
{"t":"2026-09-29T13:22:29.521Z","level":"info","event":"slow_database_query","durationMs":258,"statement":"truncate companies, cv_libraries, settings, users restart identity cascade"}
{"t":"2026-09-29T13:22:34.076Z","level":"info","event":"slow_database_query","durationMs":303,"statement":"truncate companies, tasks, ai_calls, user_settings, users restart identity cascade"}
{"t":"2026-09-29T13:22:34.564Z","level":"info","event":"slow_database_query","durationMs":330,"statement":"truncate companies, tasks, ai_calls, user_settings, users restart identity cascade"}
{"t":"2026-09-29T13:22:34.910Z","level":"info","event":"slow_database_query","durationMs":315,"statement":"truncate companies, tasks, ai_calls, user_settings, users restart identity cascade"}
{"t":"2026-09-29T13:22:35.342Z","level":"info","event":"slow_database_query","durationMs":411,"statement":"truncate companies, tasks, ai_calls, user_settings, users restart identity cascade"}
{"t":"2026-09-29T13:22:35.645Z","level":"info","event":"slow_database_query","durationMs":272,"statement":"truncate companies, tasks, ai_calls, user_settings, users restart identity cascade"}
{"t":"2026-09-29T13:22:35.979Z","level":"info","event":"slow_database_query","durationMs":318,"statement":"truncate companies, tasks, ai_calls, user_settings, users restart identity cascade"}
{"t":"2026-09-29T13:22:36.775Z","level":"info","event":"slow_database_query","durationMs":268,"statement":"truncate cv_library_reviews, cv_libraries, cv_drafts, tasks, settings, user_settings, users restart identity cascade"}
{"t":"2026-09-29T13:22:37.144Z","level":"info","event":"slow_database_query","durationMs":308,"statement":"truncate cv_library_reviews, cv_libraries, cv_drafts, tasks, settings, user_settings, users restart identity cascade"}
{"t":"2026-09-29T13:22:37.574Z","level":"info","event":"slow_database_query","durationMs":413,"statement":"truncate cv_library_reviews, cv_libraries, cv_drafts, tasks, settings, user_settings, users restart identity cascade"}
{"t":"2026-09-29T13:22:37.897Z","level":"info","event":"slow_database_query","durationMs":304,"statement":"truncate cv_library_reviews, cv_libraries, cv_drafts, tasks, settings, user_settings, users restart identity cascade"}
{"t":"2026-09-29T13:22:38.186Z","level":"info","event":"slow_database_query","durationMs":271,"statement":"truncate cv_library_reviews, cv_libraries, cv_drafts, tasks, settings, user_settings, users restart identity cascade"}
{"t":"2026-09-29T13:22:38.634Z","level":"info","event":"slow_database_query","durationMs":424,"statement":"truncate cv_library_reviews, cv_libraries, cv_drafts, tasks, settings, user_settings, users restart identity cascade"}
{"t":"2026-09-29T13:22:38.975Z","level":"info","event":"slow_database_query","durationMs":321,"statement":"truncate cv_library_reviews, cv_libraries, cv_drafts, tasks, settings, user_settings, users restart identity cascade"}
{"t":"2026-09-29T13:22:39.282Z","level":"info","event":"slow_database_query","durationMs":285,"statement":"truncate cv_library_reviews, cv_libraries, cv_drafts, tasks, settings, user_settings, users restart identity cascade"}
{"t":"2026-09-29T13:22:39.596Z","level":"info","event":"slow_database_query","durationMs":282,"statement":"truncate cv_library_reviews, cv_libraries, cv_drafts, tasks, settings, user_settings, users restart identity cascade"}
{"t":"2026-09-29T13:22:40.341Z","level":"info","event":"slow_database_query","durationMs":292,"statement":"truncate companies, tasks, settings, users restart identity cascade"}
{"t":"2026-09-29T13:22:40.681Z","level":"info","event":"slow_database_query","durationMs":281,"statement":"truncate companies, tasks, settings, users restart identity cascade"}
{"t":"2026-09-29T13:22:40.970Z","level":"info","event":"slow_database_query","durationMs":268,"statement":"truncate companies, tasks, settings, users restart identity cascade"}
{"t":"2026-09-29T13:22:41.259Z","level":"info","event":"slow_database_query","durationMs":265,"statement":"truncate companies, tasks, settings, users restart identity cascade"}
{"t":"2026-09-29T13:22:42.021Z","level":"info","event":"slow_database_query","durationMs":264,"statement":"truncate ai_calls, ai_reservations, cv_libraries, companies, user_settings, users restart identity cascade"}
{"t":"2026-09-29T13:22:42.827Z","level":"info","event":"slow_database_query","durationMs":251,"statement":"truncate ai_calls, ai_reservations, cv_libraries, companies, user_settings, users restart identity cascade"}
{"t":"2026-09-29T13:22:43.151Z","level":"info","event":"slow_database_query","durationMs":304,"statement":"truncate ai_calls, ai_reservations, cv_libraries, companies, user_settings, users restart identity cascade"}
{"t":"2026-09-29T13:22:43.461Z","level":"info","event":"slow_database_query","durationMs":279,"statement":"truncate ai_calls, ai_reservations, cv_libraries, companies, user_settings, users restart identity cascade"}
{"t":"2026-09-29T13:22:44.010Z","level":"info","event":"slow_database_query","durationMs":253,"statement":"truncate ai_calls, ai_reservations, cv_libraries, companies, user_settings, users restart identity cascade"}
{"t":"2026-09-29T13:22:44.300Z","level":"info","event":"slow_database_query","durationMs":256,"statement":"truncate ai_calls, ai_reservations, cv_libraries, companies, user_settings, users restart identity cascade"}
{"t":"2026-09-29T13:22:44.660Z","level":"info","event":"slow_database_query","durationMs":323,"statement":"truncate ai_calls, ai_reservations, cv_libraries, companies, user_settings, users restart identity cascade"}
{"t":"2026-09-29T13:22:45.447Z","level":"info","event":"slow_database_query","durationMs":283,"statement":"truncate cv_drafts, tasks, users restart identity cascade"}
{"t":"2026-09-29T13:22:45.749Z","level":"info","event":"slow_database_query","durationMs":265,"statement":"truncate cv_drafts, tasks, users restart identity cascade"}
{"t":"2026-09-29T13:22:46.033Z","level":"info","event":"slow_database_query","durationMs":262,"statement":"truncate cv_drafts, tasks, users restart identity cascade"}
{"t":"2026-09-29T13:22:46.346Z","level":"info","event":"slow_database_query","durationMs":284,"statement":"truncate cv_drafts, tasks, users restart identity cascade"}
{"t":"2026-09-29T13:22:47.125Z","level":"info","event":"slow_database_query","durationMs":259,"statement":"truncate companies, tasks, preference_profiles, filter_suggestions, user_settings, users restart identity cascade"}
{"t":"2026-09-29T13:22:47.931Z","level":"info","event":"slow_database_query","durationMs":333,"statement":"truncate companies, tasks, preference_profiles, filter_suggestions, user_settings, users restart identity cascade"}
{"t":"2026-09-29T13:22:48.254Z","level":"info","event":"slow_database_query","durationMs":292,"statement":"truncate companies, tasks, preference_profiles, filter_suggestions, user_settings, users restart identity cascade"}
{"t":"2026-09-29T13:22:51.944Z","level":"info","event":"slow_database_query","durationMs":255,"statement":"truncate library_imports, cv_libraries, tasks, users cascade"}
{"t":"2026-09-29T13:22:55.632Z","level":"info","event":"slow_database_query","durationMs":282,"statement":"truncate ai_calls, ai_reservations, resource_leases, applications, cv_versions, cv_drafts, cv_libraries, companies, task"}
{"t":"2026-09-29T13:22:56.752Z","level":"info","event":"slow_database_query","durationMs":334,"statement":"truncate ai_calls, ai_reservations, resource_leases, applications, cv_versions, cv_drafts, cv_libraries, companies, task"}
{"t":"2026-09-29T13:22:57.551Z","level":"info","event":"slow_database_query","durationMs":287,"statement":"truncate companies, tasks, decisions, applications, user_settings, users restart identity cascade"}
{"t":"2026-09-29T13:22:58.069Z","level":"info","event":"slow_database_query","durationMs":487,"statement":"truncate companies, tasks, decisions, applications, user_settings, users restart identity cascade"}
{"t":"2026-09-29T13:22:58.474Z","level":"info","event":"slow_database_query","durationMs":290,"statement":"truncate companies, tasks, decisions, applications, user_settings, users restart identity cascade"}
{"t":"2026-09-29T13:22:58.945Z","level":"info","event":"slow_database_query","durationMs":447,"statement":"truncate companies, tasks, decisions, applications, user_settings, users restart identity cascade"}
{"t":"2026-09-29T13:22:59.238Z","level":"info","event":"slow_database_query","durationMs":262,"statement":"truncate companies, tasks, decisions, applications, user_settings, users restart identity cascade"}
{"t":"2026-09-29T13:23:01.988Z","level":"info","event":"slow_database_query","durationMs":294,"statement":"truncate settings, user_settings, company_suggestions, companies, users restart identity cascade"}
{"t":"2026-09-29T13:23:02.340Z","level":"info","event":"slow_database_query","durationMs":340,"statement":"truncate settings, user_settings, company_suggestions, companies, users restart identity cascade"}
{"t":"2026-09-29T13:23:02.608Z","level":"info","event":"slow_database_query","durationMs":264,"statement":"truncate settings, user_settings, company_suggestions, companies, users restart identity cascade"}
{"t":"2026-09-29T13:23:03.422Z","level":"info","event":"slow_database_query","durationMs":294,"statement":"truncate ai_calls, user_settings, users restart identity cascade"}
{"t":"2026-09-29T13:23:04.805Z","level":"info","event":"slow_database_query","durationMs":264,"statement":"truncate ai_calls, user_settings, users restart identity cascade"}
{"t":"2026-09-29T13:23:05.605Z","level":"info","event":"slow_database_query","durationMs":332,"statement":"truncate companies, scan_runs, tasks, users restart identity cascade"}
{"t":"2026-09-29T13:23:05.959Z","level":"info","event":"slow_database_query","durationMs":324,"statement":"truncate companies, scan_runs, tasks, users restart identity cascade"}
{"t":"2026-09-29T13:23:06.268Z","level":"info","event":"slow_database_query","durationMs":284,"statement":"truncate companies, scan_runs, tasks, users restart identity cascade"}
{"t":"2026-09-29T13:23:06.630Z","level":"info","event":"slow_database_query","durationMs":328,"statement":"truncate companies, scan_runs, tasks, users restart identity cascade"}
{"t":"2026-09-29T13:23:07.006Z","level":"info","event":"slow_database_query","durationMs":336,"statement":"truncate companies, scan_runs, tasks, users restart identity cascade"}
{"t":"2026-09-29T13:23:07.916Z","level":"info","event":"slow_database_query","durationMs":282,"statement":"truncate companies, tasks, decisions, applications, users restart identity cascade"}
{"t":"2026-09-29T13:23:08.311Z","level":"info","event":"slow_database_query","durationMs":336,"statement":"truncate companies, tasks, decisions, applications, users restart identity cascade"}
{"t":"2026-09-29T13:23:08.787Z","level":"info","event":"slow_database_query","durationMs":446,"statement":"truncate companies, tasks, decisions, applications, users restart identity cascade"}
{"t":"2026-09-29T13:23:09.177Z","level":"info","event":"slow_database_query","durationMs":356,"statement":"truncate companies, tasks, decisions, applications, users restart identity cascade"}
{"t":"2026-09-29T13:23:10.221Z","level":"info","event":"slow_database_query","durationMs":323,"statement":"truncate ai_calls, cv_drafts, users restart identity cascade"}
{"t":"2026-09-29T13:23:10.516Z","level":"info","event":"slow_database_query","durationMs":265,"statement":"truncate ai_calls, cv_drafts, users restart identity cascade"}
{"t":"2026-09-29T13:23:10.812Z","level":"info","event":"slow_database_query","durationMs":279,"statement":"truncate ai_calls, cv_drafts, users restart identity cascade"}
{"t":"2026-09-29T13:23:11.122Z","level":"info","event":"slow_database_query","durationMs":297,"statement":"truncate ai_calls, cv_drafts, users restart identity cascade"}
{"t":"2026-09-29T13:23:12.043Z","level":"info","event":"slow_database_query","durationMs":267,"statement":"truncate tasks, users restart identity cascade"}
{"t":"2026-09-29T13:23:12.776Z","level":"info","event":"slow_database_query","durationMs":267,"statement":"truncate cv_versions, users restart identity cascade"}
{"t":"2026-09-29T13:23:14.040Z","level":"info","event":"slow_database_query","durationMs":272,"statement":"truncate library_imports, users restart identity cascade"}
{"t":"2026-09-29T13:23:14.334Z","level":"info","event":"slow_database_query","durationMs":272,"statement":"truncate library_imports, users restart identity cascade"}
{"t":"2026-09-29T13:23:14.626Z","level":"info","event":"slow_database_query","durationMs":255,"statement":"truncate library_imports, users cascade"}
{"t":"2026-09-29T13:23:15.397Z","level":"info","event":"slow_database_query","durationMs":295,"statement":"truncate companies, tasks, preference_profiles, user_settings, users restart identity cascade"}
{"t":"2026-09-29T13:23:15.751Z","level":"info","event":"slow_database_query","durationMs":308,"statement":"truncate companies, tasks, preference_profiles, user_settings, users restart identity cascade"}
{"t":"2026-09-29T13:23:16.811Z","level":"info","event":"slow_database_query","durationMs":271,"statement":"truncate users restart identity cascade"}
{"t":"2026-09-29T13:23:17.584Z","level":"info","event":"slow_database_query","durationMs":331,"statement":"truncate companies, tasks, users restart identity cascade"}
{"t":"2026-09-29T13:23:17.985Z","level":"info","event":"slow_database_query","durationMs":321,"statement":"truncate companies, tasks, users restart identity cascade"}

 Test Files  137 passed (137)
      Tests  1228 passed (1228)
   Start at  14:20:34
   Duration  188.09s (tests 79%, import 17%, environment 2%, transform 2%)

    Isolate  137 workers spawned · ~86ms startup each (spawn + environment, per file)
             at least ~11.63s faster with isolate: false — reuses workers across files instead of one per file
