
 RUN  v5.0.0 /Users/h_dryden/Documents/New project/christopher-jtbd-review/apps/worker

{"t":"2026-10-01T16:14:24.585Z","level":"info","msg":"source scanned","data":{"company":"Pager","type":"html","status":"ok","postings":25,"new":25,"closed":0,"followers":0,"deferredDescriptions":0,"reusedListing":false,"claimFetchedBytes":1309,"claimRequests":7,"claimRevalidated":0,"heapUsedMb":77,"ms":110}}
{"t":"2026-10-01T16:14:24.612Z","level":"info","msg":"scan run finalised","data":{"runId":"f00a0ae2-2668-4af5-a7c2-0ea38fb88158","ok":1,"failed":0,"newRoles":25}}
{"t":"2026-10-01T16:14:24.896Z","level":"info","msg":"slow database query","data":{"durationMs":283,"statement":"truncate users, companies, career_sources, discovery_runs, scan_runs, scans, jobs, job_events, decisions, tasks, setting"}}
{"t":"2026-10-01T16:14:25.405Z","level":"info","msg":"slow database query","data":{"durationMs":312,"statement":"truncate users, companies, career_sources, discovery_runs, scan_runs, scans, jobs, job_events, decisions, tasks, setting"}}
{"t":"2026-10-01T16:14:25.471Z","level":"info","msg":"source scanned","data":{"company":"Pager","type":"html","status":"ok","postings":1,"new":1,"closed":0,"followers":1,"deferredDescriptions":0,"reusedListing":false,"claimFetchedBytes":476,"claimRequests":2,"claimRevalidated":0,"heapUsedMb":88,"ms":40}}
{"t":"2026-10-01T16:14:25.799Z","level":"info","msg":"slow database query","data":{"durationMs":319,"statement":"truncate users, companies, career_sources, discovery_runs, scan_runs, scans, jobs, job_events, decisions, tasks, setting"}}
{"t":"2026-10-01T16:14:26.135Z","level":"info","msg":"source scanned","data":{"company":"Pager","type":"html","status":"ok","postings":25,"new":25,"closed":0,"followers":0,"deferredDescriptions":0,"reusedListing":false,"claimFetchedBytes":1309,"claimRequests":7,"claimRevalidated":0,"heapUsedMb":89,"ms":108}}
{"t":"2026-10-01T16:14:26.618Z","level":"info","msg":"slow database query","data":{"durationMs":474,"statement":"truncate users, companies, career_sources, discovery_runs, scan_runs, scans, jobs, job_events, decisions, tasks, setting"}}
{"t":"2026-10-01T16:14:26.733Z","level":"info","msg":"source scanned","data":{"company":"Pager","type":"html","status":"ok","postings":1,"new":1,"closed":0,"followers":0,"deferredDescriptions":0,"reusedListing":false,"claimFetchedBytes":86,"claimRequests":1,"claimRevalidated":0,"heapUsedMb":93,"ms":85}}
{"t":"2026-10-01T16:14:27.201Z","level":"info","msg":"source scanned","data":{"company":"Pager","type":"html","status":"ok","postings":25,"new":25,"closed":0,"followers":0,"deferredDescriptions":0,"reusedListing":false,"claimFetchedBytes":1309,"claimRequests":7,"claimRevalidated":0,"heapUsedMb":91,"ms":126}}
{"t":"2026-10-01T16:14:27.558Z","level":"info","msg":"slow database query","data":{"durationMs":351,"statement":"truncate users, companies, career_sources, discovery_runs, scan_runs, scans, jobs, job_events, decisions, tasks, setting"}}
{"t":"2026-10-01T16:14:27.816Z","level":"info","msg":"source scanned","data":{"company":"Pager","type":"html","status":"ok","postings":25,"new":25,"closed":0,"followers":0,"deferredDescriptions":0,"reusedListing":false,"claimFetchedBytes":1309,"claimRequests":7,"claimRevalidated":0,"heapUsedMb":100,"ms":125}}
{"t":"2026-10-01T16:14:28.132Z","level":"info","msg":"slow database query","data":{"durationMs":289,"statement":"truncate users, companies, career_sources, discovery_runs, scan_runs, scans, jobs, job_events, decisions, tasks, setting"}}
{"t":"2026-10-01T16:14:28.274Z","level":"info","msg":"source scanned","data":{"company":"Pager","type":"html","status":"ok","postings":1,"new":21,"closed":0,"followers":0,"deferredDescriptions":0,"reusedListing":false,"claimFetchedBytes":110,"claimRequests":1,"claimRevalidated":0,"heapUsedMb":104,"ms":19}}
{"t":"2026-10-01T16:14:28.989Z","level":"info","msg":"slow database query","data":{"durationMs":709,"statement":"truncate users, companies, career_sources, discovery_runs, scan_runs, scans, jobs, job_events, decisions, tasks, setting"}}
{"t":"2026-10-01T16:14:29.534Z","level":"info","msg":"source scanned","data":{"company":"Pager","type":"html","status":"ok","postings":25,"new":25,"closed":0,"followers":0,"deferredDescriptions":0,"reusedListing":false,"claimFetchedBytes":1428,"claimRequests":7,"claimRevalidated":0,"heapUsedMb":103,"ms":124}}
{"t":"2026-10-01T16:14:29.930Z","level":"info","msg":"source scanned","data":{"company":"Pager","type":"html","status":"ok","postings":25,"new":0,"closed":0,"followers":0,"deferredDescriptions":0,"reusedListing":false,"claimFetchedBytes":1316,"claimRequests":7,"claimRevalidated":0,"heapUsedMb":109,"ms":36}}
{"t":"2026-10-01T16:14:30.247Z","level":"info","msg":"slow database query","data":{"durationMs":312,"statement":"truncate users, companies, career_sources, discovery_runs, scan_runs, scans, jobs, job_events, decisions, tasks, setting"}}
{"t":"2026-10-01T16:14:30.303Z","level":"info","msg":"source scanned","data":{"company":"Pager","type":"html","status":"partial","postings":3,"new":3,"closed":0,"followers":0,"deferredDescriptions":0,"reusedListing":false,"claimFetchedBytes":520,"claimRequests":3,"claimRevalidated":0,"heapUsedMb":115,"ms":39}}
{"t":"2026-10-01T16:14:30.872Z","level":"info","msg":"source scanned","data":{"company":"Pager","type":"html","status":"ok","postings":1,"new":1,"closed":0,"followers":0,"deferredDescriptions":0,"reusedListing":false,"claimFetchedBytes":145,"claimRequests":2,"claimRevalidated":0,"heapUsedMb":113,"ms":33}}
{"t":"2026-10-01T16:14:31.147Z","level":"info","msg":"slow database query","data":{"durationMs":269,"statement":"truncate users, companies, career_sources, discovery_runs, scan_runs, scans, jobs, job_events, decisions, tasks, setting"}}
{"t":"2026-10-01T16:14:31.371Z","level":"info","msg":"source scanned","data":{"company":"Pager","type":"html","status":"partial","postings":20,"new":20,"closed":0,"followers":0,"deferredDescriptions":0,"reusedListing":false,"claimFetchedBytes":0,"claimRequests":0,"claimRevalidated":0,"heapUsedMb":115,"ms":17}}
{"t":"2026-10-01T16:14:31.691Z","level":"info","msg":"source scanned","data":{"company":"Pager","type":"html","status":"partial","postings":2,"new":2,"closed":0,"followers":0,"deferredDescriptions":0,"reusedListing":false,"claimFetchedBytes":570,"claimRequests":3,"claimRevalidated":0,"heapUsedMb":121,"ms":49}}
{"t":"2026-10-01T16:14:31.974Z","level":"info","msg":"source scanned","data":{"company":"Pager","type":"html","status":"partial","postings":3,"new":3,"closed":0,"followers":0,"deferredDescriptions":0,"reusedListing":false,"claimFetchedBytes":548,"claimRequests":3,"claimRevalidated":0,"heapUsedMb":116,"ms":43}}

 Test Files  1 passed (1)
      Tests  14 passed | 93 skipped (107)
   Start at  17:14:21
   Duration  10.02s (tests 81%, transform 11%, import 8%)

