
 RUN  v5.0.0 /Users/h_dryden/Documents/New project/christopher-jtbd-review/apps/worker

{"t":"2026-10-01T16:23:59.571Z","level":"info","msg":"slow database query","data":{"durationMs":420,"statement":"truncate users, companies, career_sources, discovery_runs, scan_runs, scans, jobs, job_events, decisions, tasks, setting"}}
{"t":"2026-10-01T16:24:00.166Z","level":"info","msg":"source scanned","data":{"company":"Pager","type":"html","status":"ok","postings":25,"new":25,"closed":0,"followers":0,"deferredDescriptions":0,"reusedListing":false,"claimFetchedBytes":1309,"claimRequests":7,"claimRevalidated":0,"heapUsedMb":77,"ms":135}}
{"t":"2026-10-01T16:24:00.222Z","level":"info","msg":"scan run finalised","data":{"runId":"b480fb44-24cd-445a-b209-c9017fb2a4aa","ok":1,"failed":0,"newRoles":25}}
{"t":"2026-10-01T16:24:00.490Z","level":"info","msg":"slow database query","data":{"durationMs":266,"statement":"truncate users, companies, career_sources, discovery_runs, scan_runs, scans, jobs, job_events, decisions, tasks, setting"}}
{"t":"2026-10-01T16:24:01.043Z","level":"info","msg":"slow database query","data":{"durationMs":302,"statement":"truncate users, companies, career_sources, discovery_runs, scan_runs, scans, jobs, job_events, decisions, tasks, setting"}}
{"t":"2026-10-01T16:24:01.505Z","level":"info","msg":"source scanned","data":{"company":"Pager","type":"html","status":"ok","postings":25,"new":25,"closed":0,"followers":0,"deferredDescriptions":0,"reusedListing":false,"claimFetchedBytes":1309,"claimRequests":7,"claimRevalidated":0,"heapUsedMb":83,"ms":121}}
{"t":"2026-10-01T16:24:01.900Z","level":"info","msg":"slow database query","data":{"durationMs":375,"statement":"truncate users, companies, career_sources, discovery_runs, scan_runs, scans, jobs, job_events, decisions, tasks, setting"}}
{"t":"2026-10-01T16:24:02.045Z","level":"info","msg":"source scanned","data":{"company":"Pager","type":"html","status":"ok","postings":1,"new":1,"closed":0,"followers":1,"deferredDescriptions":0,"reusedListing":false,"claimFetchedBytes":476,"claimRequests":2,"claimRevalidated":0,"heapUsedMb":88,"ms":87}}
{"t":"2026-10-01T16:24:02.409Z","level":"info","msg":"slow database query","data":{"durationMs":350,"statement":"truncate users, companies, career_sources, discovery_runs, scan_runs, scans, jobs, job_events, decisions, tasks, setting"}}
{"t":"2026-10-01T16:24:02.578Z","level":"info","msg":"source scanned","data":{"company":"Pager","type":"html","status":"ok","postings":25,"new":25,"closed":0,"followers":0,"deferredDescriptions":0,"reusedListing":false,"claimFetchedBytes":1309,"claimRequests":7,"claimRevalidated":0,"heapUsedMb":97,"ms":49}}
{"t":"2026-10-01T16:24:02.797Z","level":"info","msg":"source scanned","data":{"company":"Pager","type":"html","status":"ok","postings":1,"new":1,"closed":0,"followers":0,"deferredDescriptions":0,"reusedListing":false,"claimFetchedBytes":86,"claimRequests":1,"claimRevalidated":0,"heapUsedMb":91,"ms":28}}
{"t":"2026-10-01T16:24:03.167Z","level":"info","msg":"source scanned","data":{"company":"Pager","type":"html","status":"ok","postings":25,"new":25,"closed":0,"followers":0,"deferredDescriptions":0,"reusedListing":false,"claimFetchedBytes":1309,"claimRequests":7,"claimRevalidated":0,"heapUsedMb":99,"ms":57}}
{"t":"2026-10-01T16:24:03.471Z","level":"info","msg":"source scanned","data":{"company":"Pager","type":"html","status":"ok","postings":25,"new":25,"closed":0,"followers":0,"deferredDescriptions":0,"reusedListing":false,"claimFetchedBytes":1309,"claimRequests":7,"claimRevalidated":0,"heapUsedMb":98,"ms":42}}
{"t":"2026-10-01T16:24:03.734Z","level":"info","msg":"source scanned","data":{"company":"Pager","type":"html","status":"ok","postings":1,"new":21,"closed":0,"followers":0,"deferredDescriptions":0,"reusedListing":false,"claimFetchedBytes":110,"claimRequests":1,"claimRevalidated":0,"heapUsedMb":102,"ms":21}}
{"t":"2026-10-01T16:24:04.024Z","level":"info","msg":"source scanned","data":{"company":"Pager","type":"html","status":"ok","postings":25,"new":25,"closed":0,"followers":0,"deferredDescriptions":0,"reusedListing":false,"claimFetchedBytes":1428,"claimRequests":7,"claimRevalidated":0,"heapUsedMb":111,"ms":25}}
{"t":"2026-10-01T16:24:04.237Z","level":"info","msg":"source scanned","data":{"company":"Pager","type":"html","status":"ok","postings":25,"new":0,"closed":0,"followers":0,"deferredDescriptions":0,"reusedListing":false,"claimFetchedBytes":1316,"claimRequests":7,"claimRevalidated":0,"heapUsedMb":117,"ms":38}}
{"t":"2026-10-01T16:24:04.487Z","level":"info","msg":"source scanned","data":{"company":"Pager","type":"html","status":"partial","postings":3,"new":3,"closed":0,"followers":0,"deferredDescriptions":0,"reusedListing":false,"claimFetchedBytes":520,"claimRequests":3,"claimRevalidated":0,"heapUsedMb":113,"ms":51}}
{"t":"2026-10-01T16:24:04.916Z","level":"info","msg":"source scanned","data":{"company":"Pager","type":"html","status":"ok","postings":1,"new":1,"closed":0,"followers":0,"deferredDescriptions":0,"reusedListing":false,"claimFetchedBytes":145,"claimRequests":2,"claimRevalidated":0,"heapUsedMb":120,"ms":14}}
{"t":"2026-10-01T16:24:05.180Z","level":"info","msg":"source scanned","data":{"company":"Pager","type":"html","status":"partial","postings":20,"new":20,"closed":0,"followers":0,"deferredDescriptions":0,"reusedListing":false,"claimFetchedBytes":0,"claimRequests":0,"claimRevalidated":0,"heapUsedMb":123,"ms":12}}
{"t":"2026-10-01T16:24:05.363Z","level":"info","msg":"source scanned","data":{"company":"Pager","type":"html","status":"partial","postings":2,"new":2,"closed":0,"followers":0,"deferredDescriptions":0,"reusedListing":false,"claimFetchedBytes":570,"claimRequests":3,"claimRevalidated":0,"heapUsedMb":118,"ms":27}}
{"t":"2026-10-01T16:24:05.536Z","level":"info","msg":"source scanned","data":{"company":"Pager","type":"html","status":"partial","postings":3,"new":3,"closed":0,"followers":0,"deferredDescriptions":0,"reusedListing":false,"claimFetchedBytes":548,"claimRequests":3,"claimRevalidated":0,"heapUsedMb":124,"ms":27}}

 Test Files  1 passed (1)
      Tests  15 passed | 93 skipped (108)
   Start at  17:23:56
   Duration  8.92s (tests 73%, transform 19%, import 8%)

