
> @ava/web@0.1.0 test /Users/h_dryden/Documents/New project/christopher-jtbd-review/apps/web
> vitest run


 RUN  v5.0.0 /Users/h_dryden/Documents/New project/christopher-jtbd-review/apps/web

{"t":"2026-10-01T16:12:01.760Z","level":"info","event":"slow_database_query","durationMs":492,"statement":"insert into jobs (company_id, source_id, external_key, title, normalized_title, url) select $1::uuid, $2::uuid, 'cap-' |"}
{"t":"2026-10-01T16:12:02.288Z","level":"info","event":"slow_database_query","durationMs":528,"statement":"insert into user_jobs (user_id, job_id, keyword_matched, location_ok, in_table) select $1::uuid, j.id, true, true, true "}
{"t":"2026-10-01T16:12:06.032Z","level":"info","event":"slow_database_query","durationMs":253,"statement":"truncate cv_libraries, cv_drafts, companies, decisions, tasks, settings, preference_profiles, tag_vocabulary, users rest"}
{"t":"2026-10-01T16:12:06.649Z","level":"info","event":"slow_database_query","durationMs":307,"statement":"truncate cv_libraries, cv_drafts, companies, decisions, tasks, settings, preference_profiles, tag_vocabulary, users rest"}
{"t":"2026-10-01T16:12:07.458Z","level":"info","event":"slow_database_query","durationMs":593,"statement":"truncate cv_libraries, cv_drafts, companies, decisions, tasks, settings, preference_profiles, tag_vocabulary, users rest"}
{"t":"2026-10-01T16:12:08.139Z","level":"info","event":"slow_database_query","durationMs":510,"statement":"truncate cv_libraries, cv_drafts, companies, decisions, tasks, settings, preference_profiles, tag_vocabulary, users rest"}
{"t":"2026-10-01T16:12:08.768Z","level":"info","event":"slow_database_query","durationMs":410,"statement":"truncate cv_libraries, cv_drafts, companies, decisions, tasks, settings, preference_profiles, tag_vocabulary, users rest"}
{"t":"2026-10-01T16:12:10.863Z","level":"info","event":"slow_database_query","durationMs":582,"statement":"truncate cv_libraries, cv_drafts, companies, decisions, tasks, settings, preference_profiles, tag_vocabulary, users rest"}
{"t":"2026-10-01T16:12:11.801Z","level":"info","event":"slow_database_query","durationMs":836,"statement":"truncate cv_libraries, cv_drafts, companies, decisions, tasks, settings, preference_profiles, tag_vocabulary, users rest"}
{"t":"2026-10-01T16:12:13.515Z","level":"info","event":"slow_database_query","durationMs":277,"statement":"truncate cv_libraries, cv_drafts, companies, decisions, tasks, settings, preference_profiles, tag_vocabulary, users rest"}
{"t":"2026-10-01T16:12:13.934Z","level":"info","event":"slow_database_query","durationMs":390,"statement":"truncate cv_libraries, cv_drafts, companies, decisions, tasks, settings, preference_profiles, tag_vocabulary, users rest"}
{"t":"2026-10-01T16:12:14.557Z","level":"info","event":"slow_database_query","durationMs":438,"statement":"truncate cv_libraries, cv_drafts, companies, decisions, tasks, settings, preference_profiles, tag_vocabulary, users rest"}
{"t":"2026-10-01T16:12:15.105Z","level":"info","event":"slow_database_query","durationMs":406,"statement":"truncate cv_libraries, cv_drafts, companies, decisions, tasks, settings, preference_profiles, tag_vocabulary, users rest"}
{"t":"2026-10-01T16:12:15.476Z","level":"info","event":"slow_database_query","durationMs":280,"statement":"truncate cv_libraries, cv_drafts, companies, decisions, tasks, settings, preference_profiles, tag_vocabulary, users rest"}
{"t":"2026-10-01T16:12:15.804Z","level":"info","event":"slow_database_query","durationMs":294,"statement":"truncate cv_libraries, cv_drafts, companies, decisions, tasks, settings, preference_profiles, tag_vocabulary, users rest"}
{"t":"2026-10-01T16:12:16.247Z","level":"info","event":"slow_database_query","durationMs":367,"statement":"truncate cv_libraries, cv_drafts, companies, decisions, tasks, settings, preference_profiles, tag_vocabulary, users rest"}
{"t":"2026-10-01T16:12:16.859Z","level":"info","event":"slow_database_query","durationMs":453,"statement":"truncate cv_libraries, cv_drafts, companies, decisions, tasks, settings, preference_profiles, tag_vocabulary, users rest"}
{"t":"2026-10-01T16:12:18.332Z","level":"info","event":"slow_database_query","durationMs":702,"statement":"truncate cv_libraries, cv_drafts, companies, decisions, tasks, settings, preference_profiles, tag_vocabulary, users rest"}
{"t":"2026-10-01T16:12:18.758Z","level":"info","event":"slow_database_query","durationMs":361,"statement":"truncate cv_libraries, cv_drafts, companies, decisions, tasks, settings, preference_profiles, tag_vocabulary, users rest"}
{"t":"2026-10-01T16:12:19.174Z","level":"info","event":"slow_database_query","durationMs":372,"statement":"truncate cv_libraries, cv_drafts, companies, decisions, tasks, settings, preference_profiles, tag_vocabulary, users rest"}
{"t":"2026-10-01T16:12:20.446Z","level":"info","event":"slow_database_query","durationMs":316,"statement":"truncate users, companies, tasks, ai_calls, ai_reservations, auth_tokens restart identity cascade"}
{"t":"2026-10-01T16:12:20.733Z","level":"info","event":"slow_database_query","durationMs":255,"statement":"truncate users, companies, tasks, ai_calls, ai_reservations, auth_tokens restart identity cascade"}
{"t":"2026-10-01T16:12:21.122Z","level":"info","event":"slow_database_query","durationMs":370,"statement":"truncate users, companies, tasks, ai_calls, ai_reservations, auth_tokens restart identity cascade"}
{"t":"2026-10-01T16:12:21.448Z","level":"info","event":"slow_database_query","durationMs":290,"statement":"truncate users, companies, tasks, ai_calls, ai_reservations, auth_tokens restart identity cascade"}
{"t":"2026-10-01T16:12:24.701Z","level":"info","event":"slow_database_query","durationMs":535,"statement":"truncate users, companies, tasks, ai_calls, ai_reservations, auth_tokens restart identity cascade"}
{"t":"2026-10-01T16:12:25.382Z","level":"info","event":"slow_database_query","durationMs":381,"statement":"truncate users, companies, tasks, ai_calls, ai_reservations, auth_tokens restart identity cascade"}
{"t":"2026-10-01T16:12:26.026Z","level":"info","event":"slow_database_query","durationMs":615,"statement":"truncate users, companies, tasks, ai_calls, ai_reservations, auth_tokens restart identity cascade"}
{"t":"2026-10-01T16:12:26.446Z","level":"info","event":"slow_database_query","durationMs":387,"statement":"truncate users, companies, tasks, ai_calls, ai_reservations, auth_tokens restart identity cascade"}
{"t":"2026-10-01T16:12:27.126Z","level":"info","event":"slow_database_query","durationMs":629,"statement":"truncate users, companies, tasks, ai_calls, ai_reservations, auth_tokens restart identity cascade"}
{"t":"2026-10-01T16:12:28.324Z","level":"info","event":"slow_database_query","durationMs":255,"statement":"truncate users, companies, tasks, ai_calls, ai_reservations, auth_tokens restart identity cascade"}
{"t":"2026-10-01T16:12:28.606Z","level":"info","event":"slow_database_query","durationMs":263,"statement":"truncate users, companies, tasks, ai_calls, ai_reservations, auth_tokens restart identity cascade"}
{"t":"2026-10-01T16:12:29.383Z","level":"info","event":"slow_database_query","durationMs":281,"statement":"truncate users, companies, tasks, ai_calls, ai_reservations, auth_tokens restart identity cascade"}
{"t":"2026-10-01T16:12:29.704Z","level":"info","event":"slow_database_query","durationMs":289,"statement":"truncate users, companies, tasks, ai_calls, ai_reservations, auth_tokens restart identity cascade"}
{"t":"2026-10-01T16:12:30.154Z","level":"info","event":"slow_database_query","durationMs":425,"statement":"truncate users, companies, tasks, ai_calls, ai_reservations, auth_tokens restart identity cascade"}
{"t":"2026-10-01T16:12:30.564Z","level":"info","event":"slow_database_query","durationMs":371,"statement":"truncate users, companies, tasks, ai_calls, ai_reservations, auth_tokens restart identity cascade"}
{"t":"2026-10-01T16:12:31.597Z","level":"info","event":"slow_database_query","durationMs":321,"statement":"truncate users, companies, tasks, ai_calls, ai_reservations, auth_tokens restart identity cascade"}
{"t":"2026-10-01T16:12:31.972Z","level":"info","event":"slow_database_query","durationMs":356,"statement":"truncate users, companies, tasks, ai_calls, ai_reservations, auth_tokens restart identity cascade"}
{"t":"2026-10-01T16:12:32.289Z","level":"info","event":"slow_database_query","durationMs":298,"statement":"truncate users, companies, tasks, ai_calls, ai_reservations, auth_tokens restart identity cascade"}
{"t":"2026-10-01T16:12:32.643Z","level":"info","event":"slow_database_query","durationMs":286,"statement":"truncate users, companies, tasks, ai_calls, ai_reservations, auth_tokens restart identity cascade"}
{"t":"2026-10-01T16:12:33.681Z","level":"info","event":"slow_database_query","durationMs":261,"statement":"truncate users, companies, tasks, ai_calls, ai_reservations, auth_tokens restart identity cascade"}
{"t":"2026-10-01T16:12:34.121Z","level":"info","event":"slow_database_query","durationMs":411,"statement":"truncate users, companies, tasks, ai_calls, ai_reservations, auth_tokens restart identity cascade"}
{"t":"2026-10-01T16:12:34.717Z","level":"info","event":"slow_database_query","durationMs":316,"statement":"truncate users, companies, tasks, ai_calls, ai_reservations, auth_tokens restart identity cascade"}
{"t":"2026-10-01T16:12:38.560Z","level":"info","event":"slow_database_query","durationMs":289,"statement":"truncate ai_calls, users restart identity cascade"}
{"t":"2026-10-01T16:12:39.878Z","level":"info","event":"slow_database_query","durationMs":298,"statement":"truncate companies, tasks, worker_events, settings, users restart identity cascade"}
{"t":"2026-10-01T16:12:40.800Z","level":"info","event":"slow_database_query","durationMs":260,"statement":"truncate ai_calls, users restart identity cascade"}
{"t":"2026-10-01T16:12:42.053Z","level":"info","event":"slow_database_query","durationMs":431,"statement":"truncate ai_calls, users restart identity cascade"}
{"t":"2026-10-01T16:12:42.417Z","level":"info","event":"slow_database_query","durationMs":337,"statement":"truncate companies, ai_calls, user_settings, users restart identity cascade"}
{"t":"2026-10-01T16:12:42.744Z","level":"info","event":"slow_database_query","durationMs":260,"statement":"truncate ai_calls, users restart identity cascade"}
{"t":"2026-10-01T16:12:44.623Z","level":"info","event":"slow_database_query","durationMs":333,"statement":"truncate users, login_attempts, companies, settings restart identity cascade"}
{"t":"2026-10-01T16:12:47.044Z","level":"info","event":"slow_database_query","durationMs":257,"statement":"truncate users, login_attempts, companies, settings restart identity cascade"}
{"t":"2026-10-01T16:12:47.408Z","level":"info","event":"slow_database_query","durationMs":308,"statement":"truncate users, login_attempts, companies, settings restart identity cascade"}
{"t":"2026-10-01T16:12:50.274Z","level":"info","event":"database_round_trip","ms":0.6,"samplesMs":[1.7,1,0.6],"endpoint":"other","region":null}
{"t":"2026-10-01T16:12:50.905Z","level":"info","event":"slow_database_query","durationMs":360,"statement":"truncate companies, career_sources, discovery_runs, scan_runs, scans, jobs, job_events, decisions, tasks, settings, ai_c"}
{"t":"2026-10-01T16:12:51.020Z","level":"info","msg":"scheduled daily run","data":{"ymd":"2026-10-01","scanTime":"00:00","tz":"UTC"}}
{"t":"2026-10-01T16:12:51.130Z","level":"info","msg":"task start","taskId":"9bcb4681-3629-47fb-8745-e86d1e6d1e2f","taskType":"run_daily","data":{"id":"9bcb4681-3629-47fb-8745-e86d1e6d1e2f","type":"run_daily","attempt":1,"workerId":"vercel-cron-3d4bb5b5","commit":null,"readyWaitMs":120,"heapUsedMb":88,"heapLimitMb":4144,"rssMb":146}}
{"t":"2026-10-01T16:12:51.144Z","level":"info","msg":"daily run started","taskId":"9bcb4681-3629-47fb-8745-e86d1e6d1e2f","taskType":"run_daily","data":{"runId":"ccdc62aa-74a4-484b-9aca-65bc2b8f3266","runDate":"2026-10-01","companies":0,"logosQueued":0,"retired":0}}
{"t":"2026-10-01T16:12:51.158Z","level":"info","msg":"scan run finalised","taskId":"9bcb4681-3629-47fb-8745-e86d1e6d1e2f","taskType":"run_daily","data":{"runId":"ccdc62aa-74a4-484b-9aca-65bc2b8f3266","ok":0,"failed":0,"newRoles":0}}
{"t":"2026-10-01T16:12:51.159Z","level":"info","msg":"task done","taskId":"9bcb4681-3629-47fb-8745-e86d1e6d1e2f","taskType":"run_daily","data":{"id":"9bcb4681-3629-47fb-8745-e86d1e6d1e2f","type":"run_daily","ms":29,"heapUsedMb":89,"heapDeltaMb":1,"heapLimitMb":4144,"rssMb":146,"rssDeltaMb":0}}
{"t":"2026-10-01T16:12:51.342Z","level":"info","msg":"scheduled daily run","data":{"ymd":"2026-10-01","scanTime":"06:00","tz":"Europe/London"}}
{"t":"2026-10-01T16:12:51.445Z","level":"info","msg":"task start","taskId":"e2486662-83e8-4a10-abf4-77cdac64c45e","taskType":"run_daily","data":{"id":"e2486662-83e8-4a10-abf4-77cdac64c45e","type":"run_daily","attempt":1,"workerId":"vercel-cron-c4d171a5","commit":null,"readyWaitMs":107,"heapUsedMb":92,"heapLimitMb":4144,"rssMb":147}}
{"t":"2026-10-01T16:12:51.453Z","level":"info","msg":"daily run started","taskId":"e2486662-83e8-4a10-abf4-77cdac64c45e","taskType":"run_daily","data":{"runId":"d1f4fd1f-69c4-463b-8d67-1f1a1074e009","runDate":"2026-10-01","companies":0,"logosQueued":0,"retired":0}}
{"t":"2026-10-01T16:12:51.463Z","level":"info","msg":"scan run finalised","taskId":"e2486662-83e8-4a10-abf4-77cdac64c45e","taskType":"run_daily","data":{"runId":"d1f4fd1f-69c4-463b-8d67-1f1a1074e009","ok":0,"failed":0,"newRoles":0}}
{"t":"2026-10-01T16:12:51.463Z","level":"info","msg":"task done","taskId":"e2486662-83e8-4a10-abf4-77cdac64c45e","taskType":"run_daily","data":{"id":"e2486662-83e8-4a10-abf4-77cdac64c45e","type":"run_daily","ms":18,"heapUsedMb":93,"heapDeltaMb":1,"heapLimitMb":4144,"rssMb":147,"rssDeltaMb":0}}
{"t":"2026-10-01T16:12:51.819Z","level":"info","msg":"scheduled daily run","data":{"ymd":"2026-10-01","scanTime":"06:00","tz":"Europe/London"}}
{"t":"2026-10-01T16:12:51.868Z","level":"info","msg":"task start","taskId":"a28bf2fe-9976-400a-9f8a-c1d66075f0ab","taskType":"run_daily","data":{"id":"a28bf2fe-9976-400a-9f8a-c1d66075f0ab","type":"run_daily","attempt":1,"workerId":"vercel-cron-686f5323","commit":null,"readyWaitMs":52,"heapUsedMb":97,"heapLimitMb":4144,"rssMb":147}}
{"t":"2026-10-01T16:12:51.875Z","level":"info","msg":"daily run started","taskId":"a28bf2fe-9976-400a-9f8a-c1d66075f0ab","taskType":"run_daily","data":{"runId":"8717c718-733a-45d7-90d7-dc795d5c3ade","runDate":"2026-10-01","companies":0,"logosQueued":0,"retired":0}}
{"t":"2026-10-01T16:12:51.882Z","level":"info","msg":"scan run finalised","taskId":"a28bf2fe-9976-400a-9f8a-c1d66075f0ab","taskType":"run_daily","data":{"runId":"8717c718-733a-45d7-90d7-dc795d5c3ade","ok":0,"failed":0,"newRoles":0}}
{"t":"2026-10-01T16:12:51.883Z","level":"info","msg":"task done","taskId":"a28bf2fe-9976-400a-9f8a-c1d66075f0ab","taskType":"run_daily","data":{"id":"a28bf2fe-9976-400a-9f8a-c1d66075f0ab","type":"run_daily","ms":15,"heapUsedMb":97,"heapDeltaMb":0,"heapLimitMb":4144,"rssMb":147,"rssDeltaMb":0}}
{"t":"2026-10-01T16:12:52.053Z","level":"info","msg":"scheduled daily run","data":{"ymd":"2026-10-01","scanTime":"06:00","tz":"Europe/London"}}
{"t":"2026-10-01T16:12:52.095Z","level":"info","msg":"task start","taskId":"1b367605-01b9-441f-b706-20428920dd41","taskType":"tag_reason","data":{"id":"1b367605-01b9-441f-b706-20428920dd41","type":"tag_reason","attempt":1,"workerId":"vercel-cron-2bc66057","commit":null,"readyWaitMs":56,"heapUsedMb":100,"heapLimitMb":4144,"rssMb":147}}
{"t":"2026-10-01T16:12:55.052Z","level":"warn","msg":"abandoned task failed after its deadline","taskId":"1b367605-01b9-441f-b706-20428920dd41","taskType":"tag_reason","data":{"id":"1b367605-01b9-441f-b706-20428920dd41","type":"tag_reason","error":"tag_reason exceeded its 3s deadline after 3s and was abandoned"}}
{"t":"2026-10-01T16:12:55.081Z","level":"warn","msg":"task retry","taskId":"1b367605-01b9-441f-b706-20428920dd41","taskType":"tag_reason","data":{"id":"1b367605-01b9-441f-b706-20428920dd41","type":"tag_reason","error":"tag_reason exceeded its 3s deadline after 3s and was abandoned","ms":2984,"heapUsedMb":100,"heapDeltaMb":0,"heapLimitMb":4144,"rssMb":63,"rssDeltaMb":-84}}
{"t":"2026-10-01T16:12:55.691Z","level":"info","event":"slow_database_query","durationMs":595,"statement":"truncate companies, career_sources, discovery_runs, scan_runs, scans, jobs, job_events, decisions, tasks, settings, ai_c"}
{"t":"2026-10-01T16:12:55.817Z","level":"info","msg":"scheduled daily run","data":{"ymd":"2026-10-01","scanTime":"06:00","tz":"Europe/London"}}
{"t":"2026-10-01T16:12:56.052Z","level":"info","msg":"task start","taskId":"6ec33c6a-a03d-4109-a421-86b5eed995f4","taskType":"tag_reason","data":{"id":"6ec33c6a-a03d-4109-a421-86b5eed995f4","type":"tag_reason","attempt":3,"workerId":"vercel-cron-aa0a5e3d","commit":null,"readyWaitMs":358,"heapUsedMb":91,"heapLimitMb":4144,"rssMb":93}}
{"t":"2026-10-01T16:12:56.056Z","level":"warn","msg":"task failed","taskId":"6ec33c6a-a03d-4109-a421-86b5eed995f4","taskType":"tag_reason","data":{"id":"6ec33c6a-a03d-4109-a421-86b5eed995f4","type":"tag_reason","error":"tagging failed","ms":3,"heapUsedMb":91,"heapDeltaMb":0,"heapLimitMb":4144,"rssMb":93,"rssDeltaMb":0}}
{"t":"2026-10-01T16:12:56.060Z","level":"info","msg":"task start","taskId":"19a3495e-ccbf-49f2-b2b6-4ed26990bfe7","taskType":"run_daily","data":{"id":"19a3495e-ccbf-49f2-b2b6-4ed26990bfe7","type":"run_daily","attempt":1,"workerId":"vercel-cron-aa0a5e3d","commit":null,"readyWaitMs":289,"heapUsedMb":92,"heapLimitMb":4144,"rssMb":93}}
{"t":"2026-10-01T16:12:56.076Z","level":"info","msg":"task done","taskId":"19a3495e-ccbf-49f2-b2b6-4ed26990bfe7","taskType":"run_daily","data":{"id":"19a3495e-ccbf-49f2-b2b6-4ed26990bfe7","type":"run_daily","ms":16,"heapUsedMb":92,"heapDeltaMb":0,"heapLimitMb":4144,"rssMb":93,"rssDeltaMb":0}}
{"t":"2026-10-01T16:12:56.449Z","level":"info","event":"slow_database_query","durationMs":353,"statement":"truncate companies, career_sources, discovery_runs, scan_runs, scans, jobs, job_events, decisions, tasks, settings, ai_c"}
{"t":"2026-10-01T16:12:56.786Z","level":"info","event":"slow_database_query","durationMs":320,"statement":"truncate companies, career_sources, discovery_runs, scan_runs, scans, jobs, job_events, decisions, tasks, settings, ai_c"}
{"t":"2026-10-01T16:12:56.815Z","level":"info","msg":"scheduled daily run","data":{"ymd":"2026-10-01","scanTime":"00:00","tz":"UTC"}}
{"t":"2026-10-01T16:12:57.207Z","level":"info","msg":"scheduled daily run","data":{"ymd":"2026-10-01","scanTime":"06:00","tz":"Europe/London"}}
{"t":"2026-10-01T16:12:57.379Z","level":"info","msg":"task start","taskId":"2284e365-bbad-48fd-b266-1f04ae01cac4","taskType":"discover","data":{"id":"2284e365-bbad-48fd-b266-1f04ae01cac4","type":"discover","attempt":1,"workerId":"vercel-cron-29a53fc5","commit":null,"readyWaitMs":197,"heapUsedMb":98,"heapLimitMb":4144,"rssMb":102}}
{"t":"2026-10-01T16:12:57.613Z","level":"info","msg":"discovery finished","taskId":"2284e365-bbad-48fd-b266-1f04ae01cac4","taskType":"discover","data":{"company":"acme.example","outcome":"resolved","fetches":2,"best":"ats_link"}}
{"t":"2026-10-01T16:12:57.624Z","level":"info","msg":"task done","taskId":"2284e365-bbad-48fd-b266-1f04ae01cac4","taskType":"discover","data":{"id":"2284e365-bbad-48fd-b266-1f04ae01cac4","type":"discover","ms":246,"heapUsedMb":75,"heapDeltaMb":-23,"heapLimitMb":4144,"rssMb":127,"rssDeltaMb":25}}
{"t":"2026-10-01T16:12:57.631Z","level":"info","msg":"task start","taskId":"97dd6c0e-d877-470f-bf89-3f0093b8b007","taskType":"run_daily","data":{"id":"97dd6c0e-d877-470f-bf89-3f0093b8b007","type":"run_daily","attempt":1,"workerId":"vercel-cron-29a53fc5","commit":null,"readyWaitMs":429,"heapUsedMb":75,"heapLimitMb":4144,"rssMb":127}}
{"t":"2026-10-01T16:12:57.666Z","level":"info","msg":"daily run started","taskId":"97dd6c0e-d877-470f-bf89-3f0093b8b007","taskType":"run_daily","data":{"runId":"784c093e-9958-43a3-aa02-52d61fcc43bb","runDate":"2026-10-01","companies":1,"logosQueued":0,"retired":0}}
{"t":"2026-10-01T16:12:57.680Z","level":"info","msg":"task done","taskId":"97dd6c0e-d877-470f-bf89-3f0093b8b007","taskType":"run_daily","data":{"id":"97dd6c0e-d877-470f-bf89-3f0093b8b007","type":"run_daily","ms":50,"heapUsedMb":74,"heapDeltaMb":-1,"heapLimitMb":4144,"rssMb":127,"rssDeltaMb":0}}
{"t":"2026-10-01T16:12:57.686Z","level":"info","msg":"task start","taskId":"ad82a952-78bc-483a-8426-be3e7d500853","taskType":"scan_company","data":{"id":"ad82a952-78bc-483a-8426-be3e7d500853","type":"scan_company","attempt":1,"workerId":"vercel-cron-29a53fc5","commit":null,"readyWaitMs":108,"heapUsedMb":75,"heapLimitMb":4144,"rssMb":128}}
{"t":"2026-10-01T16:12:58.064Z","level":"info","msg":"source scanned","taskId":"ad82a952-78bc-483a-8426-be3e7d500853","taskType":"scan_company","data":{"company":"Acme Robotics","type":"greenhouse","status":"ok","postings":2,"new":2,"closed":0,"followers":1,"deferredDescriptions":0,"reusedListing":false,"claimFetchedBytes":566,"claimRequests":3,"claimRevalidated":0,"heapUsedMb":76,"ms":339}}
{"t":"2026-10-01T16:12:58.091Z","level":"info","msg":"task done","taskId":"ad82a952-78bc-483a-8426-be3e7d500853","taskType":"scan_company","data":{"id":"ad82a952-78bc-483a-8426-be3e7d500853","type":"scan_company","ms":405,"heapUsedMb":75,"heapDeltaMb":0,"heapLimitMb":4144,"rssMb":118,"rssDeltaMb":-10}}
{"t":"2026-10-01T16:12:58.097Z","level":"info","msg":"task start","taskId":"3a1a7bac-22f2-4f9c-876d-58bab7fc0509","taskType":"fetch_description","data":{"id":"3a1a7bac-22f2-4f9c-876d-58bab7fc0509","type":"fetch_description","attempt":1,"workerId":"vercel-cron-29a53fc5","commit":null,"readyWaitMs":125,"heapUsedMb":75,"heapLimitMb":4144,"rssMb":118}}
{"t":"2026-10-01T16:12:58.174Z","level":"info","msg":"task done","taskId":"3a1a7bac-22f2-4f9c-876d-58bab7fc0509","taskType":"fetch_description","data":{"id":"3a1a7bac-22f2-4f9c-876d-58bab7fc0509","type":"fetch_description","ms":77,"heapUsedMb":75,"heapDeltaMb":0,"heapLimitMb":4144,"rssMb":115,"rssDeltaMb":-3}}
{"t":"2026-10-01T16:12:58.178Z","level":"info","msg":"task start","taskId":"d0f382b4-312b-419c-a470-01184c8a65d4","taskType":"discover","data":{"id":"d0f382b4-312b-419c-a470-01184c8a65d4","type":"discover","attempt":1,"workerId":"vercel-cron-29a53fc5","commit":null,"readyWaitMs":795,"heapUsedMb":75,"heapLimitMb":4144,"rssMb":115}}
{"t":"2026-10-01T16:12:58.255Z","level":"info","msg":"logo capture failed","taskId":"d0f382b4-312b-419c-a470-01184c8a65d4","taskType":"discover","data":{"company":"Acme Robotics","error":"No usable icon found for acme.example","tried":3,"attempts":1,"nextAttemptAt":"2026-10-01T17:12:58.245Z"}}
{"t":"2026-10-01T16:12:58.260Z","level":"info","msg":"task done","taskId":"d0f382b4-312b-419c-a470-01184c8a65d4","taskType":"discover","data":{"id":"d0f382b4-312b-419c-a470-01184c8a65d4","type":"discover","ms":82,"heapUsedMb":75,"heapDeltaMb":0,"heapLimitMb":4144,"rssMb":116,"rssDeltaMb":1}}
{"t":"2026-10-01T16:12:58.731Z","level":"info","event":"slow_database_query","durationMs":437,"statement":"truncate companies, career_sources, discovery_runs, scan_runs, scans, jobs, job_events, decisions, tasks, settings, ai_c"}
{"t":"2026-10-01T16:12:58.781Z","level":"info","msg":"scheduled daily run","data":{"ymd":"2026-10-01","scanTime":"00:00","tz":"UTC"}}
{"t":"2026-10-01T16:12:58.959Z","level":"info","msg":"task start","taskId":"6091154d-66e9-483b-8d01-79fbde9d6bb2","taskType":"run_daily","data":{"id":"6091154d-66e9-483b-8d01-79fbde9d6bb2","type":"run_daily","attempt":1,"workerId":"vercel-cron-56ac053f","commit":null,"readyWaitMs":188,"heapUsedMb":76,"heapLimitMb":4144,"rssMb":114}}
{"t":"2026-10-01T16:12:58.983Z","level":"info","msg":"daily run started","taskId":"6091154d-66e9-483b-8d01-79fbde9d6bb2","taskType":"run_daily","data":{"runId":"b6976885-3e5f-4718-a829-2641bd616113","runDate":"2026-10-01","companies":0,"logosQueued":0,"retired":0}}
{"t":"2026-10-01T16:12:59.009Z","level":"info","msg":"scan run finalised","taskId":"6091154d-66e9-483b-8d01-79fbde9d6bb2","taskType":"run_daily","data":{"runId":"b6976885-3e5f-4718-a829-2641bd616113","ok":0,"failed":0,"newRoles":0}}
{"t":"2026-10-01T16:12:59.012Z","level":"info","msg":"task done","taskId":"6091154d-66e9-483b-8d01-79fbde9d6bb2","taskType":"run_daily","data":{"id":"6091154d-66e9-483b-8d01-79fbde9d6bb2","type":"run_daily","ms":53,"heapUsedMb":75,"heapDeltaMb":-1,"heapLimitMb":4144,"rssMb":115,"rssDeltaMb":1}}
{"t":"2026-10-01T16:13:00.295Z","level":"info","event":"slow_database_query","durationMs":488,"statement":"truncate ai_calls, ai_reservations, cv_libraries, cv_drafts, companies, decisions, tasks, user_settings, users restart i"}
{"t":"2026-10-01T16:13:00.758Z","level":"info","event":"slow_database_query","durationMs":348,"statement":"truncate ai_calls, ai_reservations, cv_libraries, cv_drafts, companies, decisions, tasks, user_settings, users restart i"}
{"t":"2026-10-01T16:13:02.011Z","level":"info","event":"slow_database_query","durationMs":1125,"statement":"truncate ai_calls, ai_reservations, cv_libraries, cv_drafts, companies, decisions, tasks, user_settings, users restart i"}
{"t":"2026-10-01T16:13:02.946Z","level":"info","event":"slow_database_query","durationMs":515,"statement":"truncate ai_calls, ai_reservations, cv_libraries, cv_drafts, companies, decisions, tasks, user_settings, users restart i"}
{"t":"2026-10-01T16:13:03.689Z","level":"info","event":"slow_database_query","durationMs":594,"statement":"truncate ai_calls, ai_reservations, cv_libraries, cv_drafts, companies, decisions, tasks, user_settings, users restart i"}
{"t":"2026-10-01T16:13:04.401Z","level":"info","event":"slow_database_query","durationMs":494,"statement":"truncate ai_calls, ai_reservations, cv_libraries, cv_drafts, companies, decisions, tasks, user_settings, users restart i"}
{"t":"2026-10-01T16:13:06.010Z","level":"info","event":"slow_database_query","durationMs":1224,"statement":"truncate ai_calls, ai_reservations, cv_libraries, cv_drafts, companies, decisions, tasks, user_settings, users restart i"}
{"t":"2026-10-01T16:13:06.541Z","level":"info","event":"slow_database_query","durationMs":344,"statement":"truncate ai_calls, ai_reservations, cv_libraries, cv_drafts, companies, decisions, tasks, user_settings, users restart i"}
{"t":"2026-10-01T16:13:07.321Z","level":"info","event":"slow_database_query","durationMs":626,"statement":"truncate ai_calls, ai_reservations, cv_libraries, cv_drafts, companies, decisions, tasks, user_settings, users restart i"}
{"t":"2026-10-01T16:13:08.102Z","level":"info","event":"slow_database_query","durationMs":691,"statement":"truncate ai_calls, ai_reservations, cv_libraries, cv_drafts, companies, decisions, tasks, user_settings, users restart i"}
{"t":"2026-10-01T16:13:08.852Z","level":"info","event":"slow_database_query","durationMs":599,"statement":"truncate ai_calls, ai_reservations, cv_libraries, cv_drafts, companies, decisions, tasks, user_settings, users restart i"}
{"t":"2026-10-01T16:13:09.696Z","level":"info","event":"slow_database_query","durationMs":732,"statement":"truncate ai_calls, ai_reservations, cv_libraries, cv_drafts, companies, decisions, tasks, user_settings, users restart i"}
{"t":"2026-10-01T16:13:10.422Z","level":"info","event":"slow_database_query","durationMs":428,"statement":"truncate ai_calls, ai_reservations, cv_libraries, cv_drafts, companies, decisions, tasks, user_settings, users restart i"}
{"t":"2026-10-01T16:13:10.963Z","level":"info","event":"slow_database_query","durationMs":406,"statement":"truncate ai_calls, ai_reservations, cv_libraries, cv_drafts, companies, decisions, tasks, user_settings, users restart i"}
{"t":"2026-10-01T16:13:11.543Z","level":"info","event":"slow_database_query","durationMs":400,"statement":"truncate ai_calls, ai_reservations, cv_libraries, cv_drafts, companies, decisions, tasks, user_settings, users restart i"}
{"t":"2026-10-01T16:13:12.133Z","level":"info","event":"slow_database_query","durationMs":437,"statement":"truncate ai_calls, ai_reservations, cv_libraries, cv_drafts, companies, decisions, tasks, user_settings, users restart i"}
{"t":"2026-10-01T16:13:13.330Z","level":"info","event":"slow_database_query","durationMs":271,"statement":"truncate cv_libraries, cv_drafts, companies, decisions, tasks, settings, user_settings, users restart identity cascade"}
{"t":"2026-10-01T16:13:14.206Z","level":"info","event":"slow_database_query","durationMs":290,"statement":"truncate cv_libraries, cv_drafts, companies, decisions, tasks, settings, user_settings, users restart identity cascade"}
{"t":"2026-10-01T16:13:14.611Z","level":"info","event":"slow_database_query","durationMs":384,"statement":"truncate cv_libraries, cv_drafts, companies, decisions, tasks, settings, user_settings, users restart identity cascade"}
{"t":"2026-10-01T16:13:15.038Z","level":"info","event":"slow_database_query","durationMs":257,"statement":"truncate cv_libraries, cv_drafts, companies, decisions, tasks, settings, user_settings, users restart identity cascade"}
{"t":"2026-10-01T16:13:18.407Z","level":"info","event":"slow_database_query","durationMs":564,"statement":"truncate cv_libraries, cv_drafts, companies, decisions, tasks, settings, user_settings, users restart identity cascade"}
{"t":"2026-10-01T16:13:22.290Z","level":"info","event":"slow_database_query","durationMs":323,"statement":"truncate companies, tasks, settings, users restart identity cascade"}
{"t":"2026-10-01T16:13:23.633Z","level":"info","event":"slow_database_query","durationMs":251,"statement":"truncate companies, tasks, settings, users restart identity cascade"}
{"t":"2026-10-01T16:13:24.814Z","level":"info","event":"slow_database_query","durationMs":471,"statement":"truncate companies, tasks, settings, users restart identity cascade"}
{"t":"2026-10-01T16:13:25.217Z","level":"info","event":"slow_database_query","durationMs":371,"statement":"truncate companies, tasks, settings, users restart identity cascade"}
{"t":"2026-10-01T16:13:25.619Z","level":"info","event":"slow_database_query","durationMs":340,"statement":"truncate companies, tasks, settings, users restart identity cascade"}
{"t":"2026-10-01T16:13:26.083Z","level":"info","event":"slow_database_query","durationMs":376,"statement":"truncate companies, tasks, settings, users restart identity cascade"}
{"t":"2026-10-01T16:13:27.342Z","level":"info","event":"slow_database_query","durationMs":351,"statement":"truncate companies, tasks, settings, users restart identity cascade"}
{"t":"2026-10-01T16:13:28.539Z","level":"info","event":"slow_database_query","durationMs":254,"statement":"truncate cv_libraries, cv_drafts, companies, decisions, tasks, settings, login_attempts, users restart identity cascade"}
{"t":"2026-10-01T16:13:29.050Z","level":"info","event":"slow_database_query","durationMs":250,"statement":"truncate cv_libraries, cv_drafts, companies, decisions, tasks, settings, login_attempts, users restart identity cascade"}
{"t":"2026-10-01T16:13:30.127Z","level":"info","event":"slow_database_query","durationMs":274,"statement":"truncate cv_libraries, cv_drafts, companies, decisions, tasks, settings, login_attempts, users restart identity cascade"}
{"t":"2026-10-01T16:13:30.726Z","level":"info","event":"slow_database_query","durationMs":300,"statement":"truncate cv_libraries, cv_drafts, companies, decisions, tasks, settings, login_attempts, users restart identity cascade"}
{"t":"2026-10-01T16:13:32.172Z","level":"info","event":"slow_database_query","durationMs":400,"statement":"truncate users restart identity cascade"}
{"t":"2026-10-01T16:13:34.849Z","level":"info","event":"slow_database_query","durationMs":481,"statement":"truncate ai_calls, ai_reservations, applications, cv_versions, cv_drafts, cv_libraries, companies, tasks, settings, user"}
{"t":"2026-10-01T16:13:39.560Z","level":"info","event":"slow_database_query","durationMs":387,"statement":"truncate cv_libraries, cv_drafts, companies, decisions, tasks, settings, users restart identity cascade"}
{"t":"2026-10-01T16:13:42.444Z","level":"info","event":"slow_database_query","durationMs":270,"statement":"truncate cv_libraries, cv_drafts, companies, decisions, tasks, settings, users restart identity cascade"}
{"t":"2026-10-01T16:13:43.170Z","level":"info","event":"slow_database_query","durationMs":279,"statement":"truncate cv_libraries, cv_drafts, companies, decisions, tasks, settings, users restart identity cascade"}
{"t":"2026-10-01T16:13:44.800Z","level":"info","event":"slow_database_query","durationMs":459,"statement":"truncate companies, tasks, users restart identity cascade"}
{"t":"2026-10-01T16:13:46.164Z","level":"info","event":"slow_database_query","durationMs":400,"statement":"truncate companies, tasks, users restart identity cascade"}
{"t":"2026-10-01T16:13:47.627Z","level":"info","event":"slow_database_query","durationMs":419,"statement":"truncate companies, tasks, users restart identity cascade"}
{"t":"2026-10-01T16:13:48.051Z","level":"info","event":"slow_database_query","durationMs":334,"statement":"truncate companies, tasks, users restart identity cascade"}
{"t":"2026-10-01T16:13:48.571Z","level":"info","event":"slow_database_query","durationMs":428,"statement":"truncate companies, tasks, users restart identity cascade"}
{"t":"2026-10-01T16:13:49.469Z","level":"info","event":"slow_database_query","durationMs":402,"statement":"truncate companies, tasks, users restart identity cascade"}
{"t":"2026-10-01T16:13:50.079Z","level":"info","event":"slow_database_query","durationMs":505,"statement":"truncate companies, tasks, users restart identity cascade"}
{"t":"2026-10-01T16:13:56.344Z","level":"info","event":"slow_database_query","durationMs":440,"statement":"truncate discovery_sources, company_suggestions, companies, tasks, settings, user_settings restart identity cascade"}
{"t":"2026-10-01T16:13:56.652Z","level":"info","event":"slow_database_query","durationMs":269,"statement":"truncate discovery_sources, company_suggestions, companies, tasks, settings, user_settings restart identity cascade"}
{"t":"2026-10-01T16:14:04.917Z","level":"info","event":"slow_database_query","durationMs":445,"statement":"truncate users, companies restart identity cascade"}
{"t":"2026-10-01T16:14:05.552Z","level":"info","event":"slow_database_query","durationMs":311,"statement":"truncate users, companies restart identity cascade"}
{"t":"2026-10-01T16:14:05.891Z","level":"info","event":"slow_database_query","durationMs":277,"statement":"truncate users, companies restart identity cascade"}
{"t":"2026-10-01T16:14:06.435Z","level":"info","event":"slow_database_query","durationMs":505,"statement":"truncate users, companies restart identity cascade"}
{"t":"2026-10-01T16:14:08.528Z","level":"info","event":"slow_database_query","durationMs":321,"statement":"truncate ai_calls, user_settings, users restart identity cascade"}
{"t":"2026-10-01T16:14:10.848Z","level":"info","event":"slow_database_query","durationMs":303,"statement":"truncate users, companies restart identity cascade"}
{"t":"2026-10-01T16:14:11.268Z","level":"info","event":"slow_database_query","durationMs":283,"statement":"truncate users, companies restart identity cascade"}
{"t":"2026-10-01T16:14:12.108Z","level":"info","event":"slow_database_query","durationMs":269,"statement":"truncate users, companies restart identity cascade"}
{"t":"2026-10-01T16:14:12.783Z","level":"info","event":"slow_database_query","durationMs":543,"statement":"truncate users, companies restart identity cascade"}
{"t":"2026-10-01T16:14:13.308Z","level":"info","event":"slow_database_query","durationMs":397,"statement":"truncate users, companies restart identity cascade"}
{"t":"2026-10-01T16:14:16.878Z","level":"info","event":"slow_database_query","durationMs":283,"statement":"truncate cv_drafts, users restart identity cascade"}
{"t":"2026-10-01T16:14:22.640Z","level":"info","event":"slow_database_query","durationMs":351,"statement":"truncate companies, decisions, tasks, user_settings, users restart identity cascade"}
{"t":"2026-10-01T16:14:22.984Z","level":"info","event":"slow_database_query","durationMs":257,"statement":"truncate companies, decisions, tasks, user_settings, users restart identity cascade"}
{"t":"2026-10-01T16:14:23.508Z","level":"info","event":"slow_database_query","durationMs":268,"statement":"truncate companies, decisions, tasks, user_settings, users restart identity cascade"}
{"t":"2026-10-01T16:14:23.902Z","level":"info","event":"slow_database_query","durationMs":359,"statement":"truncate companies, decisions, tasks, user_settings, users restart identity cascade"}
{"t":"2026-10-01T16:14:24.852Z","level":"info","event":"slow_database_query","durationMs":347,"statement":"truncate companies, tasks, preference_profiles, user_settings, users restart identity cascade"}
{"t":"2026-10-01T16:14:25.269Z","level":"info","event":"slow_database_query","durationMs":382,"statement":"truncate companies, tasks, preference_profiles, user_settings, users restart identity cascade"}
{"t":"2026-10-01T16:14:26.188Z","level":"info","event":"slow_database_query","durationMs":350,"statement":"truncate companies, tasks, ai_calls, user_settings, users restart identity cascade"}
{"t":"2026-10-01T16:14:26.790Z","level":"info","event":"slow_database_query","durationMs":526,"statement":"truncate companies, tasks, ai_calls, user_settings, users restart identity cascade"}
{"t":"2026-10-01T16:14:27.139Z","level":"info","event":"slow_database_query","durationMs":320,"statement":"truncate companies cascade"}
{"t":"2026-10-01T16:14:27.936Z","level":"info","event":"slow_database_query","durationMs":254,"statement":"truncate companies, tasks cascade"}
{"t":"2026-10-01T16:14:28.496Z","level":"info","event":"slow_database_query","durationMs":331,"statement":"truncate companies, tasks, ai_calls, user_settings, users restart identity cascade"}
{"t":"2026-10-01T16:14:29.816Z","level":"info","event":"slow_database_query","durationMs":403,"statement":"truncate cv_library_reviews, cv_libraries, cv_drafts, tasks, settings, user_settings, users restart identity cascade"}
{"t":"2026-10-01T16:14:30.189Z","level":"info","event":"slow_database_query","durationMs":302,"statement":"truncate cv_library_reviews, cv_libraries, cv_drafts, tasks, settings, user_settings, users restart identity cascade"}
{"t":"2026-10-01T16:14:30.468Z","level":"info","event":"slow_database_query","durationMs":261,"statement":"truncate cv_library_reviews, cv_libraries, cv_drafts, tasks, settings, user_settings, users restart identity cascade"}
{"t":"2026-10-01T16:14:38.537Z","level":"info","event":"slow_database_query","durationMs":254,"statement":"truncate companies, cv_libraries, settings, users restart identity cascade"}
{"t":"2026-10-01T16:14:40.483Z","level":"info","event":"slow_database_query","durationMs":278,"statement":"truncate companies, tasks, ai_calls, user_settings, users restart identity cascade"}
{"t":"2026-10-01T16:14:41.071Z","level":"info","event":"slow_database_query","durationMs":296,"statement":"truncate companies, tasks, ai_calls, user_settings, users restart identity cascade"}
{"t":"2026-10-01T16:14:41.433Z","level":"info","event":"slow_database_query","durationMs":281,"statement":"truncate companies, tasks, ai_calls, user_settings, users restart identity cascade"}
{"t":"2026-10-01T16:14:44.801Z","level":"info","event":"slow_database_query","durationMs":252,"statement":"truncate companies, tasks, preference_profiles, filter_suggestions, user_settings, users restart identity cascade"}
{"t":"2026-10-01T16:14:49.760Z","level":"info","event":"slow_database_query","durationMs":287,"statement":"truncate companies, tasks, settings, users restart identity cascade"}
{"t":"2026-10-01T16:14:50.292Z","level":"info","event":"slow_database_query","durationMs":298,"statement":"truncate companies, tasks, settings, users restart identity cascade"}
{"t":"2026-10-01T16:14:53.516Z","level":"info","event":"slow_database_query","durationMs":295,"statement":"truncate companies, scan_runs, tasks, users restart identity cascade"}
{"t":"2026-10-01T16:14:56.831Z","level":"info","event":"slow_database_query","durationMs":297,"statement":"truncate ai_calls, cv_drafts, users restart identity cascade"}
{"t":"2026-10-01T16:14:59.865Z","level":"info","event":"slow_database_query","durationMs":282,"statement":"truncate settings, user_settings, company_suggestions, companies, users restart identity cascade"}
{"t":"2026-10-01T16:15:01.226Z","level":"info","event":"slow_database_query","durationMs":257,"statement":"truncate users, companies, applications, cv_drafts, decisions, tasks, login_attempts restart identity cascade"}
{"t":"2026-10-01T16:15:09.482Z","level":"info","event":"slow_database_query","durationMs":261,"statement":"truncate companies, tasks, worker_events, settings, scan_runs, ai_calls, users restart identity cascade"}
{"t":"2026-10-01T16:15:10.700Z","level":"info","event":"slow_database_query","durationMs":311,"statement":"truncate tasks, users restart identity cascade"}

 Test Files  140 passed (140)
      Tests  1256 passed (1256)
   Start at  17:11:52
   Duration  220.04s (tests 82%, import 14%, environment 2%, transform 2%)

    Isolate  140 workers spawned · ~80ms startup each (spawn + environment, per file)
             at least ~11.16s faster with isolate: false — reuses workers across files instead of one per file

